Deep Per-Ticker VCP Optimization v3 (with forward volume)
  Tickers: META
  Train cutoff: 2020-01-01
  Top N: 10
  Min trades: 3

######################################################################
  META — Deep Per-Ticker Optimization v3 (with forward volume)
######################################################################
  Pipeline runs:  17,496
  Detection rows: 244,944 (x7 vol x2 TT)
  Evaluations:    734,832 (x3 exit profiles)
  Exit grid:      720 configs
  Volume variants: 7 (1 backward, 6 forward)

Cargando META...
  Total: 2,875 barras (2015-01-02 a 2026-06-09)
  TRAIN: 1,258 barras (2015-01-02 a 2019-12-31)
  TEST:  1,617 barras (2020-01-02 a 2026-06-09)

Precomputando trend template...
  480/1258 dias en Stage 2 (0.01s)

Precomputando caches de swings (6 combos)...
  atr=2.0, close_only=False: 137 sw, 68 contr
  atr=2.0, close_only=True: 73 sw, 36 contr
  atr=3.0, close_only=False: 67 sw, 33 contr
  atr=3.0, close_only=True: 37 sw, 18 contr
  atr=4.0, close_only=False: 39 sw, 19 contr
  atr=4.0, close_only=True: 25 sw, 12 contr
  Caches en 0.11s

======================================================================
  FASE 1: DETECCION — META TRAIN
  17,496 pipeline runs -> 244,944 rows (734,832 evals)
======================================================================
  4% (700/17,496) | 335s | 2.1 pipe/s | ETA 8040s (134.0m)
  9% (1,575/17,496) | 803s | 2.0 pipe/s | ETA 8114s (135.2m)
  14% (2,450/17,496) | 1225s | 2.0 pipe/s | ETA 7522s (125.4m)
  19% (3,325/17,496) | 1542s | 2.2 pipe/s | ETA 6573s (109.5m)
  24% (4,200/17,496) | 1754s | 2.4 pipe/s | ETA 5554s (92.6m)
  29% (5,074/17,496) | 1949s | 2.6 pipe/s | ETA 4772s (79.5m)
  34% (5,949/17,496) | 2167s | 2.7 pipe/s | ETA 4206s (70.1m)
  39% (6,824/17,496) | 2344s | 2.9 pipe/s | ETA 3666s (61.1m)
  44% (7,699/17,496) | 2458s | 3.1 pipe/s | ETA 3128s (52.1m)
  49% (8,574/17,496) | 2585s | 3.3 pipe/s | ETA 2690s (44.8m)
  54% (9,448/17,496) | 2678s | 3.5 pipe/s | ETA 2282s (38.0m)
  59% (10,323/17,496) | 2745s | 3.8 pipe/s | ETA 1908s (31.8m)
  64% (11,198/17,496) | 2837s | 3.9 pipe/s | ETA 1596s (26.6m)
  69% (12,073/17,496) | 2876s | 4.2 pipe/s | ETA 1292s (21.5m)
  74% (12,948/17,496) | 2923s | 4.4 pipe/s | ETA 1027s (17.1m)
  79% (13,822/17,496) | 2968s | 4.7 pipe/s | ETA 789s (13.1m)
  84% (14,697/17,496) | 3011s | 4.9 pipe/s | ETA 573s (9.6m)
  89% (15,572/17,496) | 3033s | 5.1 pipe/s | ETA 375s (6.2m)
  94% (16,447/17,496) | 3052s | 5.4 pipe/s | ETA 195s (3.2m)
  99% (17,322/17,496) | 3073s | 5.6 pipe/s | ETA 31s (0.5m)

  Fase 1 completada: 244,944 rows en 3078s (51.3m)
  Con senales: 126,738/244,944
  Con trades:  126,738/244,944

──────────────────────────────────────────────────────────────────────
  ANALISIS DE SENSIBILIDAD (promedios across 3 exit profiles)
──────────────────────────────────────────────────────────────────────

  --- atr_mult ---
               2.0: avg_sig=  12.5, avg_T=  2.8, avg_CR=-0.0145, avg_WR=0.523, best_CR=+0.2169, con_T=75342/81648
               3.0: avg_sig=   3.6, avg_T=  0.8, avg_CR=-0.0056, avg_WR=0.263, best_CR=+0.1136, con_T=47832/81648
               4.0: avg_sig=   0.4, avg_T=  0.1, avg_CR=+0.0005, avg_WR=0.020, best_CR=+0.0705, con_T=3564/81648

  --- max_depth_atr ---
              None: avg_sig=   6.3, avg_T=  1.5, avg_CR=-0.0101, avg_WR=0.262, best_CR=+0.2161, con_T=44424/81648
                 6: avg_sig=   5.3, avg_T=  1.1, avg_CR=-0.0035, avg_WR=0.308, best_CR=+0.2169, con_T=41346/81648
                 8: avg_sig=   4.9, avg_T=  1.1, avg_CR=-0.0059, avg_WR=0.237, best_CR=+0.2161, con_T=40968/81648

  --- reduction ---
               0.4: avg_sig=   3.0, avg_T=  0.7, avg_CR=-0.0088, avg_WR=0.130, best_CR=+0.0094, con_T=27000/81648
               0.6: avg_sig=   6.2, avg_T=  1.4, avg_CR=-0.0047, avg_WR=0.336, best_CR=+0.2169, con_T=49749/81648
               0.8: avg_sig=   7.3, avg_T=  1.6, avg_CR=-0.0060, avg_WR=0.340, best_CR=+0.2013, con_T=49989/81648

  --- lookback_bars ---
                63: avg_sig=   3.9, avg_T=  1.0, avg_CR=-0.0040, avg_WR=0.327, best_CR=+0.1845, con_T=64392/122472
               126: avg_sig=   7.1, avg_T=  1.4, avg_CR=-0.0090, avg_WR=0.211, best_CR=+0.2169, con_T=62346/122472

  --- comp_thresh ---
              0.85: avg_sig=   4.8, avg_T=  1.1, avg_CR=-0.0094, avg_WR=0.257, best_CR=+0.0396, con_T=41232/81648
               0.9: avg_sig=   4.9, avg_T=  1.1, avg_CR=-0.0093, avg_WR=0.255, best_CR=+0.0678, con_T=41472/81648
              0.95: avg_sig=   6.9, avg_T=  1.5, avg_CR=-0.0009, avg_WR=0.293, best_CR=+0.2169, con_T=44034/81648

  --- tolerance ---
               0.1: avg_sig=   5.4, avg_T=  1.2, avg_CR=-0.0064, avg_WR=0.270, best_CR=+0.2169, con_T=42318/81648
              0.15: avg_sig=   5.5, avg_T=  1.2, avg_CR=-0.0068, avg_WR=0.269, best_CR=+0.2169, con_T=42318/81648
               0.2: avg_sig=   5.6, avg_T=  1.3, avg_CR=-0.0063, avg_WR=0.267, best_CR=+0.2169, con_T=42102/81648

  --- max_depth_pct ---
              0.25: avg_sig=   5.5, avg_T=  1.2, avg_CR=-0.0065, avg_WR=0.269, best_CR=+0.2169, con_T=42246/81648
               0.3: avg_sig=   5.5, avg_T=  1.2, avg_CR=-0.0065, avg_WR=0.269, best_CR=+0.2169, con_T=42246/81648
              0.35: avg_sig=   5.5, avg_T=  1.2, avg_CR=-0.0065, avg_WR=0.269, best_CR=+0.2169, con_T=42246/81648

  --- asc_lows_tol ---
              0.01: avg_sig=   5.3, avg_T=  1.2, avg_CR=-0.0059, avg_WR=0.265, best_CR=+0.2169, con_T=41094/81648
              0.03: avg_sig=   5.7, avg_T=  1.3, avg_CR=-0.0058, avg_WR=0.271, best_CR=+0.2169, con_T=42786/81648
              0.08: avg_sig=   5.5, avg_T=  1.3, avg_CR=-0.0079, avg_WR=0.270, best_CR=+0.1336, con_T=42858/81648

  --- use_close_only ---
             False: avg_sig=   7.8, avg_T=  1.7, avg_CR=-0.0060, avg_WR=0.249, best_CR=+0.2169, con_T=74076/122472
              True: avg_sig=   3.2, avg_T=  0.8, avg_CR=-0.0070, avg_WR=0.289, best_CR=+0.0606, con_T=52662/122472

  --- trend_template ---
             False: avg_sig=   6.3, avg_T=  1.4, avg_CR=-0.0042, avg_WR=0.280, best_CR=+0.2169, con_T=64596/122472
              True: avg_sig=   4.7, avg_T=  1.1, avg_CR=-0.0088, avg_WR=0.258, best_CR=+0.0589, con_T=62142/122472

  --- vol_contraction ---
             False: avg_sig=   6.1, avg_T=  1.4, avg_CR=-0.0075, avg_WR=0.251, best_CR=+0.2169, con_T=64656/122472
              True: avg_sig=   4.9, avg_T=  1.1, avg_CR=-0.0055, avg_WR=0.286, best_CR=+0.2169, con_T=62082/122472

  --- vol_filter ---
         no_filter: avg_sig=  16.7, avg_T=  1.9, avg_CR=-0.0331, avg_WR=0.226, best_CR=+0.2013, con_T=19278/34992
        w1_t1.2_f3: avg_sig=   2.9, avg_T=  1.3, avg_CR=-0.0024, avg_WR=0.272, best_CR=+0.2169, con_T=18846/34992
        w1_t1.2_f5: avg_sig=   2.9, avg_T=  1.3, avg_CR=-0.0024, avg_WR=0.272, best_CR=+0.2169, con_T=18846/34992
        w3_t1.2_f3: avg_sig=   6.0, avg_T=  1.4, avg_CR=-0.0059, avg_WR=0.266, best_CR=+0.2098, con_T=19278/34992
        w3_t1.2_f5: avg_sig=   6.0, avg_T=  1.4, avg_CR=-0.0059, avg_WR=0.266, best_CR=+0.2098, con_T=19278/34992
        w1_t1.5_f3: avg_sig=   1.2, avg_T=  0.7, avg_CR=+0.0014, avg_WR=0.287, best_CR=+0.1460, con_T=14430/34992
        w3_t1.5_f3: avg_sig=   2.9, avg_T=  0.8, avg_CR=+0.0028, avg_WR=0.293, best_CR=+0.1818, con_T=16782/34992

──────────────────────────────────────────────────────────────────────
  COMPARATIVA: FORWARD vs BACKWARD-ONLY
──────────────────────────────────────────────────────────────────────

  Backward-only variants (avg across configs with trades):

  Forward variants (avg across configs with trades):
        w1_t1.2_f3: avg_CR=-0.0045, avg_WR=0.504, avg_T=  2.4, n=18846
        w1_t1.2_f5: avg_CR=-0.0045, avg_WR=0.504, avg_T=  2.4, n=18846
        w3_t1.2_f3: avg_CR=-0.0108, avg_WR=0.483, avg_T=  2.6, n=19278
        w3_t1.2_f5: avg_CR=-0.0108, avg_WR=0.483, avg_T=  2.6, n=19278
        w1_t1.5_f3: avg_CR=+0.0034, avg_WR=0.695, avg_T=  1.6, n=14430
        w3_t1.5_f3: avg_CR=+0.0059, avg_WR=0.611, avg_T=  1.7, n=16782

  Paired: forward variant vs backward base (same detection config)

──────────────────────────────────────────────────────────────────────
  ESTABILIDAD: CR por exit profile
──────────────────────────────────────────────────────────────────────

  Correlacion entre CRs de los 3 perfiles (configs con trades):
    tight-medium:  0.847
    tight-loose:   0.526
    medium-loose:  0.527

──────────────────────────────────────────────────────────────────────
  TOP 30 por avg_CR
──────────────────────────────────────────────────────────────────────
   1. atr=2.0 HL mda=   6 red=0.60 lb=126 comp=0.95       vf=w1_t1.2_f5     ->  22sen T=6.7 WR=85% CR=+21.69%
   2. atr=2.0 HL mda=   6 red=0.60 lb=126 comp=0.95       vf=w1_t1.2_f3     ->  22sen T=6.7 WR=85% CR=+21.69%
   3. atr=2.0 HL mda=   6 red=0.60 lb=126 comp=0.95    VC vf=w1_t1.2_f5     ->  22sen T=6.7 WR=85% CR=+21.69%
   4. atr=2.0 HL mda=   6 red=0.60 lb=126 comp=0.95    VC vf=w1_t1.2_f5     ->  22sen T=6.7 WR=85% CR=+21.69%
   5. atr=2.0 HL mda=   6 red=0.60 lb=126 comp=0.95    VC vf=w1_t1.2_f3     ->  22sen T=6.7 WR=85% CR=+21.69%
   6. atr=2.0 HL mda=   6 red=0.60 lb=126 comp=0.95       vf=w1_t1.2_f5     ->  22sen T=6.7 WR=85% CR=+21.69%
   7. atr=2.0 HL mda=   6 red=0.60 lb=126 comp=0.95       vf=w1_t1.2_f3     ->  22sen T=6.7 WR=85% CR=+21.69%
   8. atr=2.0 HL mda=   6 red=0.60 lb=126 comp=0.95    VC vf=w1_t1.2_f5     ->  22sen T=6.7 WR=85% CR=+21.69%
   9. atr=2.0 HL mda=   6 red=0.60 lb=126 comp=0.95       vf=w1_t1.2_f5     ->  22sen T=6.7 WR=85% CR=+21.69%
  10. atr=2.0 HL mda=   6 red=0.60 lb=126 comp=0.95    VC vf=w1_t1.2_f5     ->  22sen T=6.7 WR=85% CR=+21.69%
  11. atr=2.0 HL mda=   6 red=0.60 lb=126 comp=0.95    VC vf=w1_t1.2_f3     ->  22sen T=6.7 WR=85% CR=+21.69%
  12. atr=2.0 HL mda=   6 red=0.60 lb=126 comp=0.95    VC vf=w1_t1.2_f5     ->  22sen T=6.7 WR=85% CR=+21.69%
  13. atr=2.0 HL mda=   6 red=0.60 lb=126 comp=0.95    VC vf=w1_t1.2_f3     ->  22sen T=6.7 WR=85% CR=+21.69%
  14. atr=2.0 HL mda=   6 red=0.60 lb=126 comp=0.95       vf=w1_t1.2_f5     ->  22sen T=6.7 WR=85% CR=+21.69%
  15. atr=2.0 HL mda=   6 red=0.60 lb=126 comp=0.95       vf=w1_t1.2_f3     ->  22sen T=6.7 WR=85% CR=+21.69%
  16. atr=2.0 HL mda=   6 red=0.60 lb=126 comp=0.95    VC vf=w1_t1.2_f5     ->  22sen T=6.7 WR=85% CR=+21.69%
  17. atr=2.0 HL mda=   6 red=0.60 lb=126 comp=0.95    VC vf=w1_t1.2_f3     ->  22sen T=6.7 WR=85% CR=+21.69%
  18. atr=2.0 HL mda=   6 red=0.60 lb=126 comp=0.95    VC vf=w1_t1.2_f5     ->  22sen T=6.7 WR=85% CR=+21.69%
  19. atr=2.0 HL mda=   6 red=0.60 lb=126 comp=0.95       vf=w1_t1.2_f3     ->  22sen T=6.7 WR=85% CR=+21.69%
  20. atr=2.0 HL mda=   6 red=0.60 lb=126 comp=0.95       vf=w1_t1.2_f3     ->  22sen T=6.7 WR=85% CR=+21.69%
  21. atr=2.0 HL mda=   6 red=0.60 lb=126 comp=0.95    VC vf=w1_t1.2_f3     ->  22sen T=6.7 WR=85% CR=+21.69%
  22. atr=2.0 HL mda=   6 red=0.60 lb=126 comp=0.95       vf=w1_t1.2_f5     ->  22sen T=6.7 WR=85% CR=+21.69%
  23. atr=2.0 HL mda=   6 red=0.60 lb=126 comp=0.95       vf=w1_t1.2_f3     ->  22sen T=6.7 WR=85% CR=+21.69%
  24. atr=2.0 HL mda=   6 red=0.60 lb=126 comp=0.95    VC vf=w1_t1.2_f5     ->  22sen T=6.7 WR=85% CR=+21.69%
  25. atr=2.0 HL mda=   6 red=0.60 lb=126 comp=0.95    VC vf=w1_t1.2_f3     ->  22sen T=6.7 WR=85% CR=+21.69%
  26. atr=2.0 HL mda=   6 red=0.60 lb=126 comp=0.95       vf=w1_t1.2_f5     ->  22sen T=6.7 WR=85% CR=+21.69%
  27. atr=2.0 HL mda=   6 red=0.60 lb=126 comp=0.95       vf=w1_t1.2_f3     ->  22sen T=6.7 WR=85% CR=+21.69%
  28. atr=2.0 HL mda=   6 red=0.60 lb=126 comp=0.95    VC vf=w1_t1.2_f5     ->  22sen T=6.7 WR=85% CR=+21.69%
  29. atr=2.0 HL mda=   6 red=0.60 lb=126 comp=0.95    VC vf=w1_t1.2_f3     ->  22sen T=6.7 WR=85% CR=+21.69%
  30. atr=2.0 HL mda=   6 red=0.60 lb=126 comp=0.95    VC vf=w1_t1.2_f3     ->  22sen T=6.7 WR=85% CR=+21.69%

──────────────────────────────────────────────────────────────────────
  TOP 30 por avg_WR (min 3 trades)
──────────────────────────────────────────────────────────────────────
   1. atr=2.0 HL mda=None red=0.80 lb= 63 comp=0.90       vf=w1_t1.5_f3     ->  11sen T=5.0 WR=100% CR=+6.78%
   2. atr=2.0 HL mda=None red=0.80 lb= 63 comp=0.90       vf=w3_t1.5_f3     ->  21sen T=5.0 WR=100% CR=+6.78%
   3. atr=2.0 HL mda=None red=0.80 lb= 63 comp=0.90       vf=w1_t1.5_f3     ->  11sen T=5.0 WR=100% CR=+6.78%
   4. atr=2.0 HL mda=None red=0.80 lb= 63 comp=0.90       vf=w3_t1.5_f3     ->  21sen T=5.0 WR=100% CR=+6.78%
   5. atr=2.0 HL mda=None red=0.80 lb= 63 comp=0.90       vf=w1_t1.5_f3     ->  11sen T=5.0 WR=100% CR=+6.78%
   6. atr=2.0 HL mda=None red=0.80 lb= 63 comp=0.90       vf=w3_t1.5_f3     ->  21sen T=5.0 WR=100% CR=+6.78%
   7. atr=2.0 HL mda=   6 red=0.80 lb= 63 comp=0.90       vf=w1_t1.5_f3     ->   8sen T=4.0 WR=100% CR=+5.90%
   8. atr=2.0 HL mda=   6 red=0.80 lb= 63 comp=0.90       vf=w3_t1.5_f3     ->  16sen T=4.0 WR=100% CR=+5.90%
   9. atr=2.0 HL mda=   6 red=0.80 lb= 63 comp=0.90       vf=w1_t1.5_f3     ->   8sen T=4.0 WR=100% CR=+5.90%
  10. atr=2.0 HL mda=   6 red=0.80 lb= 63 comp=0.90       vf=w3_t1.5_f3     ->  16sen T=4.0 WR=100% CR=+5.90%
  11. atr=2.0 HL mda=   6 red=0.80 lb= 63 comp=0.90       vf=w1_t1.5_f3     ->   8sen T=4.0 WR=100% CR=+5.90%
  12. atr=2.0 HL mda=   6 red=0.80 lb= 63 comp=0.90       vf=w3_t1.5_f3     ->  16sen T=4.0 WR=100% CR=+5.90%
  13. atr=2.0 HL mda=   6 red=0.80 lb= 63 comp=0.90       vf=w1_t1.5_f3     ->   8sen T=4.0 WR=100% CR=+5.90%
  14. atr=2.0 HL mda=   6 red=0.80 lb= 63 comp=0.90       vf=w3_t1.5_f3     ->  16sen T=4.0 WR=100% CR=+5.90%
  15. atr=2.0 HL mda=   6 red=0.80 lb= 63 comp=0.90       vf=w1_t1.5_f3     ->   8sen T=4.0 WR=100% CR=+5.90%
  16. atr=2.0 HL mda=   6 red=0.80 lb= 63 comp=0.90       vf=w3_t1.5_f3     ->  16sen T=4.0 WR=100% CR=+5.90%
  17. atr=2.0 HL mda=   6 red=0.80 lb= 63 comp=0.90       vf=w1_t1.5_f3     ->   8sen T=4.0 WR=100% CR=+5.90%
  18. atr=2.0 HL mda=   6 red=0.80 lb= 63 comp=0.90       vf=w3_t1.5_f3     ->  16sen T=4.0 WR=100% CR=+5.90%
  19. atr=2.0 HL mda=   8 red=0.80 lb= 63 comp=0.90       vf=w1_t1.5_f3     ->   8sen T=4.0 WR=100% CR=+5.90%
  20. atr=2.0 HL mda=   8 red=0.80 lb= 63 comp=0.90       vf=w3_t1.5_f3     ->  16sen T=4.0 WR=100% CR=+5.90%
  21. atr=2.0 HL mda=   8 red=0.80 lb= 63 comp=0.90       vf=w1_t1.5_f3     ->   8sen T=4.0 WR=100% CR=+5.90%
  22. atr=2.0 HL mda=   8 red=0.80 lb= 63 comp=0.90       vf=w3_t1.5_f3     ->  16sen T=4.0 WR=100% CR=+5.90%
  23. atr=2.0 HL mda=   8 red=0.80 lb= 63 comp=0.90       vf=w1_t1.5_f3     ->   8sen T=4.0 WR=100% CR=+5.90%
  24. atr=2.0 HL mda=   8 red=0.80 lb= 63 comp=0.90       vf=w3_t1.5_f3     ->  16sen T=4.0 WR=100% CR=+5.90%
  25. atr=2.0 HL mda=None red=0.80 lb= 63 comp=0.90       vf=w1_t1.5_f3     ->   7sen T=4.0 WR=100% CR=+5.48%
  26. atr=2.0 HL mda=None red=0.80 lb= 63 comp=0.90       vf=w3_t1.5_f3     ->  14sen T=4.0 WR=100% CR=+5.48%
  27. atr=2.0 HL mda=None red=0.80 lb= 63 comp=0.90       vf=w1_t1.5_f3     ->   7sen T=4.0 WR=100% CR=+5.48%
  28. atr=2.0 HL mda=None red=0.80 lb= 63 comp=0.90       vf=w3_t1.5_f3     ->  14sen T=4.0 WR=100% CR=+5.48%
  29. atr=2.0 HL mda=None red=0.80 lb= 63 comp=0.90       vf=w1_t1.5_f3     ->   7sen T=4.0 WR=100% CR=+5.48%
  30. atr=2.0 HL mda=None red=0.80 lb= 63 comp=0.90       vf=w3_t1.5_f3     ->  14sen T=4.0 WR=100% CR=+5.48%

======================================================================
  SELECCION DE CANDIDATOS
  Eligible: 40,578/244,944 (min 3 trades promedio)
  Dedup por resultados: 618 configs unicas
======================================================================
  Top 10 por avg_CR + Top 10 por avg_WR = 20 candidatos unicos
   1. [CR] atr=2.0 mda=   6 red=0.60 lb=126 TT=N VC=N vf=w1_t1.2_f3     -> T=6.7 WR=85% CR=+21.69%
   2. [CR] atr=2.0 mda=None red=0.60 lb=126 TT=N VC=Y vf=w1_t1.2_f3     -> T=5.7 WR=82% CR=+21.61%
   3. [CR] atr=2.0 mda=None red=0.60 lb=126 TT=N VC=N vf=w1_t1.2_f3     -> T=7.7 WR=74% CR=+21.13%
   4. [CR] atr=2.0 mda=None red=0.60 lb=126 TT=N VC=Y vf=w3_t1.2_f3     -> T=6.0 WR=78% CR=+20.98%
   5. [CR] atr=2.0 mda=None red=0.60 lb=126 TT=N VC=N vf=w3_t1.2_f3     -> T=8.0 WR=71% CR=+20.51%
   6. [CR] atr=2.0 mda=None red=0.80 lb=126 TT=N VC=Y vf=no_filter      -> T=9.0 WR=76% CR=+20.13%
   7. [CR] atr=2.0 mda=   6 red=0.60 lb=63 TT=N VC=N vf=w1_t1.2_f3     -> T=4.7 WR=94% CR=+18.45%
   8. [CR] atr=2.0 mda=None red=0.80 lb=63 TT=N VC=N vf=w3_t1.5_f3     -> T=7.3 WR=96% CR=+18.18%
   9. [CR] atr=2.0 mda=None red=0.60 lb=63 TT=N VC=N vf=w1_t1.2_f3     -> T=6.7 WR=81% CR=+17.99%
  10. [CR] atr=2.0 mda=   6 red=0.60 lb=63 TT=N VC=N vf=w3_t1.2_f3     -> T=5.0 WR=90% CR=+17.85%
  11. [WR] atr=2.0 mda=None red=0.80 lb=63 TT=N VC=N vf=w1_t1.5_f3     -> T=5.0 WR=100% CR=+6.78%
  12. [WR] atr=2.0 mda=None red=0.80 lb=63 TT=N VC=N vf=w3_t1.5_f3     -> T=5.0 WR=100% CR=+6.78%
  13. [WR] atr=2.0 mda=   6 red=0.80 lb=63 TT=N VC=N vf=w1_t1.5_f3     -> T=4.0 WR=100% CR=+5.90%
  14. [WR] atr=2.0 mda=   6 red=0.80 lb=63 TT=N VC=N vf=w3_t1.5_f3     -> T=4.0 WR=100% CR=+5.90%
  15. [WR] atr=2.0 mda=None red=0.80 lb=63 TT=N VC=N vf=w1_t1.5_f3     -> T=4.0 WR=100% CR=+5.48%
  16. [WR] atr=2.0 mda=None red=0.80 lb=63 TT=N VC=N vf=w3_t1.5_f3     -> T=4.0 WR=100% CR=+5.48%
  17. [WR] atr=2.0 mda=None red=0.80 lb=63 TT=Y VC=N vf=w1_t1.5_f3     -> T=4.0 WR=100% CR=+5.10%
  18. [WR] atr=2.0 mda=None red=0.80 lb=63 TT=Y VC=N vf=w3_t1.5_f3     -> T=4.0 WR=100% CR=+5.10%
  19. [WR] atr=2.0 mda=   6 red=0.80 lb=63 TT=N VC=N vf=w1_t1.5_f3     -> T=3.0 WR=100% CR=+4.60%
  20. [WR] atr=2.0 mda=   6 red=0.80 lb=63 TT=N VC=N vf=w3_t1.5_f3     -> T=3.0 WR=100% CR=+4.60%

======================================================================
  FASE 2: SALIDA — META TRAIN (720 configs x 20 candidatos)
======================================================================
  Candidato 1/20: 22 senales (vf=w1_t1.2_f3), evaluando 720 exits...
  Candidato 2/20: 20 senales (vf=w1_t1.2_f3), evaluando 720 exits...
  Candidato 3/20: 24 senales (vf=w1_t1.2_f3), evaluando 720 exits...
  Candidato 4/20: 36 senales (vf=w3_t1.2_f3), evaluando 720 exits...
  Candidato 5/20: 42 senales (vf=w3_t1.2_f3), evaluando 720 exits...
  Candidato 6/20: 129 senales (vf=no_filter), evaluando 720 exits...
  Candidato 7/20: 13 senales (vf=w1_t1.2_f3), evaluando 720 exits...
  Candidato 8/20: 30 senales (vf=w3_t1.5_f3), evaluando 720 exits...
  Candidato 9/20: 17 senales (vf=w1_t1.2_f3), evaluando 720 exits...
  Candidato 10/20: 26 senales (vf=w3_t1.2_f3), evaluando 720 exits...
  Candidato 11/20: 11 senales (vf=w1_t1.5_f3), evaluando 720 exits...
  Candidato 12/20: 21 senales (vf=w3_t1.5_f3), evaluando 720 exits...
  Candidato 13/20: 8 senales (vf=w1_t1.5_f3), evaluando 720 exits...
  Candidato 14/20: 16 senales (vf=w3_t1.5_f3), evaluando 720 exits...
  Candidato 15/20: 7 senales (vf=w1_t1.5_f3), evaluando 720 exits...
  Candidato 16/20: 14 senales (vf=w3_t1.5_f3), evaluando 720 exits...
  Candidato 17/20: 9 senales (vf=w1_t1.5_f3), evaluando 720 exits...
  Candidato 18/20: 17 senales (vf=w3_t1.5_f3), evaluando 720 exits...
  Candidato 19/20: 4 senales (vf=w1_t1.5_f3), evaluando 720 exits...
  Candidato 20/20: 9 senales (vf=w3_t1.5_f3), evaluando 720 exits...

  Fase 2 completada: 14,400 rows en 50s (0.8m)

  Top exit por candidato:
    C 1: trail=2.5, target=2.0, early=None, be_R=0.5, sl=0.07, vf=w1_t1.2_f3 -> 7T WR=86% CR=+44.13%
    C 2: trail=2.5, target=2.0, early=None, be_R=0.5, sl=0.07, vf=w1_t1.2_f3 -> 6T WR=83% CR=+44.03%
    C 3: trail=2.5, target=2.0, early=None, be_R=0.5, sl=0.07, vf=w1_t1.2_f3 -> 8T WR=75% CR=+44.06%
    C 4: trail=3.0, target=5.0, early=3, be_R=1.0, sl=0.05, vf=w3_t1.2_f3 -> 7T WR=57% CR=+43.71%
    C 5: trail=3.0, target=5.0, early=3, be_R=1.0, sl=0.05, vf=w3_t1.2_f3 -> 9T WR=56% CR=+41.97%
    C 6: trail=1.5, target=2.0, early=None, be_R=1.0, sl=0.03, vf=no_filter -> 14T WR=79% CR=+59.56%
    C 7: trail=2.5, target=2.0, early=None, be_R=0.5, sl=0.07, vf=w1_t1.2_f3 -> 5T WR=100% CR=+43.87%
    C 8: trail=3.0, target=5.0, early=3, be_R=1.0, sl=0.05, vf=w3_t1.5_f3 -> 8T WR=75% CR=+50.29%
    C 9: trail=2.5, target=2.0, early=None, be_R=0.5, sl=0.07, vf=w1_t1.2_f3 -> 7T WR=86% CR=+43.91%
    C10: trail=3.0, target=5.0, early=3, be_R=1.0, sl=0.05, vf=w3_t1.2_f3 -> 5T WR=60% CR=+41.70%
    C11: trail=2.5, target=None, early=None, be_R=1.5, sl=0.03, vf=w1_t1.5_f3 -> 4T WR=100% CR=+14.57%
    C12: trail=2.5, target=None, early=None, be_R=1.5, sl=0.03, vf=w3_t1.5_f3 -> 4T WR=100% CR=+14.57%
    C13: trail=2.5, target=None, early=None, be_R=1.5, sl=0.03, vf=w1_t1.5_f3 -> 3T WR=100% CR=+11.68%
    C14: trail=2.5, target=None, early=None, be_R=1.5, sl=0.03, vf=w3_t1.5_f3 -> 3T WR=100% CR=+11.68%
    C15: trail=2.5, target=None, early=None, be_R=1.5, sl=0.03, vf=w1_t1.5_f3 -> 3T WR=100% CR=+12.68%
    C16: trail=2.5, target=None, early=None, be_R=1.5, sl=0.03, vf=w3_t1.5_f3 -> 3T WR=100% CR=+12.68%
    C17: trail=2.5, target=None, early=None, be_R=1.5, sl=0.03, vf=w1_t1.5_f3 -> 4T WR=100% CR=+9.03%
    C18: trail=2.5, target=None, early=None, be_R=1.5, sl=0.03, vf=w3_t1.5_f3 -> 4T WR=100% CR=+9.03%
    C19: trail=2.5, target=None, early=None, be_R=1.5, sl=0.03, vf=w1_t1.5_f3 -> 2T WR=100% CR=+9.83%
    C20: trail=2.5, target=None, early=None, be_R=1.5, sl=0.03, vf=w3_t1.5_f3 -> 2T WR=100% CR=+9.83%

======================================================================
  RANKING FINAL — META TRAIN
======================================================================

  Top 10 combos por composite (50% CR + 30% WR + 20% avg_R):

    #   Comp    T     WR         CR    avgR  trail target early be_R    sl              vf TT VC
  ─────────────────────────────────────────────────────────────────────────────────────────────────────────
    1  0.781    5  100%    +43.87%  +1.33    2.5    2.0  None  0.5  0.07      w1_t1.2_f3  N  N
    2  0.752   14  79%    +59.56%  +1.16    1.5    2.0  None  1.0  0.03       no_filter  N  Y
    3  0.626    8  75%    +50.29%  +1.11    3.0    5.0     3  1.0  0.05      w3_t1.5_f3  N  N
    4  0.620    6  83%    +44.03%  +1.11    2.5    2.0  None  0.5  0.07      w1_t1.2_f3  N  Y
    5  0.602    7  86%    +44.13%  +0.95    2.5    2.0  None  0.5  0.07      w1_t1.2_f3  N  N
    6  0.602    7  86%    +43.91%  +0.96    2.5    2.0  None  0.5  0.07      w1_t1.2_f3  N  N
    7  0.535    5  60%    +41.70%  +1.53    3.0    5.0     3  1.0  0.05      w3_t1.2_f3  N  N
    8  0.508    2  100%     +9.83%  +1.61    2.5   None  None  1.5  0.03      w1_t1.5_f3  N  N
    9  0.508    2  100%     +9.83%  +1.61    2.5   None  None  1.5  0.03      w3_t1.5_f3  N  N
   10  0.504    8  75%    +44.06%  +0.84    2.5    2.0  None  0.5  0.07      w1_t1.2_f3  N  N

──────────────────────────────────────────────────────────────────────
  DETALLE DE TRADES — Top 3 combos
──────────────────────────────────────────────────────────────────────

  #1 (composite=0.781): trail=2.5, target=2.0, vf=w1_t1.2_f3, TT=N
     5T, WR=100%, CR=+43.87%, avgR=+1.33
     Salidas: target=2, time_exit=3
      1: 2015-06-22 -> 2015-07-15 | time_exit       | PnL=+5.92% | R=+0.9R | MaxR=1.0R | Dur=23d
      2: 2016-04-28 -> 2016-05-19 | time_exit       | PnL=+0.07% | R=+0.0R | MaxR=0.5R | Dur=21d
      3: 2017-02-22 -> 2017-04-20 | time_exit       | PnL=+5.64% | R=+1.3R | MaxR=1.3R | Dur=57d
      4: 2018-04-26 -> 2018-06-20 | target          | PnL=+15.99% | R=+2.3R | MaxR=2.3R | Dur=55d
      5: 2018-06-25 -> 2018-07-25 | target          | PnL=+10.77% | R=+2.1R | MaxR=2.1R | Dur=30d

  #2 (composite=0.752): trail=1.5, target=2.0, vf=no_filter, TT=N
     14T, WR=79%, CR=+59.56%, avgR=+1.16
     Salidas: stop_loss=3, target=7, time_exit=1, trailing_stop=3
      1: 2015-06-22 -> 2015-06-29 | trailing_stop   | PnL=+1.25% | R=+0.4R | MaxR=1.6R | Dur=7d
      2: 2015-06-30 -> 2015-07-17 | target          | PnL=+10.73% | R=+3.6R | MaxR=3.6R | Dur=17d
      3: 2016-10-21 -> 2016-10-27 | stop_loss       | PnL=-1.80% | R=-0.6R | MaxR=0.3R | Dur=6d
      4: 2017-01-06 -> 2017-01-25 | target          | PnL=+6.54% | R=+2.2R | MaxR=2.2R | Dur=19d
      5: 2017-01-26 -> 2017-02-16 | time_exit       | PnL=+0.80% | R=+0.3R | MaxR=0.4R | Dur=21d
      6: 2017-02-22 -> 2017-04-11 | trailing_stop   | PnL=+2.79% | R=+0.9R | MaxR=1.6R | Dur=48d
      7: 2017-04-20 -> 2017-05-01 | target          | PnL=+6.02% | R=+2.0R | MaxR=2.0R | Dur=11d
      8: 2017-05-02 -> 2017-05-16 | stop_loss       | PnL=-1.96% | R=-0.7R | MaxR=0.0R | Dur=14d
      9: 2017-05-17 -> 2017-06-02 | target          | PnL=+6.05% | R=+2.0R | MaxR=2.0R | Dur=16d
     10: 2018-04-26 -> 2018-05-10 | target          | PnL=+6.53% | R=+2.2R | MaxR=2.2R | Dur=14d
     11: 2018-05-11 -> 2018-06-07 | trailing_stop   | PnL=+0.64% | R=+0.2R | MaxR=1.2R | Dur=27d
     12: 2018-06-08 -> 2018-06-20 | target          | PnL=+6.82% | R=+2.3R | MaxR=2.3R | Dur=12d
     13: 2018-06-21 -> 2018-06-27 | stop_loss       | PnL=-2.81% | R=-0.9R | MaxR=0.0R | Dur=6d
     14: 2018-06-28 -> 2018-07-17 | target          | PnL=+7.01% | R=+2.3R | MaxR=2.3R | Dur=19d

  #3 (composite=0.626): trail=3.0, target=5.0, vf=w3_t1.5_f3, TT=N
     8T, WR=75%, CR=+50.29%, avgR=+1.11
     Salidas: early_exit=2, target=1, time_exit=5
      1: 2015-06-23 -> 2015-08-10 | time_exit       | PnL=+7.13% | R=+1.4R | MaxR=2.4R | Dur=48d
      2: 2016-04-28 -> 2016-06-01 | time_exit       | PnL=+1.76% | R=+0.4R | MaxR=0.6R | Dur=34d
      3: 2016-07-27 -> 2016-08-17 | time_exit       | PnL=+0.84% | R=+0.2R | MaxR=0.3R | Dur=21d
      4: 2017-02-01 -> 2017-02-02 | early_exit      | PnL=-1.79% | R=-0.4R | MaxR=0.0R | Dur=1d
      5: 2017-02-03 -> 2017-04-03 | time_exit       | PnL=+8.63% | R=+1.7R | MaxR=1.8R | Dur=59d
      6: 2017-10-27 -> 2017-11-22 | time_exit       | PnL=+1.68% | R=+0.3R | MaxR=0.5R | Dur=26d
      7: 2018-04-26 -> 2018-04-27 | early_exit      | PnL=-0.33% | R=-0.1R | MaxR=0.0R | Dur=1d
      8: 2018-04-30 -> 2018-07-25 | target          | PnL=+26.45% | R=+5.3R | MaxR=5.3R | Dur=86d

  Guardado: /home/gdelarosa/proyectos/deteccion-vcp/experiments/stocks_deep_per_ticker_v3/results/meta_phase1_detection.csv
  Guardado: /home/gdelarosa/proyectos/deteccion-vcp/experiments/stocks_deep_per_ticker_v3/results/meta_phase2_exit.csv

  Tiempo total META: 3132s (52.2m)

######################################################################
  META — COMPLETO
######################################################################

Todo completo!
