Deep Per-Ticker VCP Optimization v3 (with forward volume)
  Tickers: TSLA
  Train cutoff: 2020-01-01
  Top N: 10
  Min trades: 3

######################################################################
  TSLA — Deep Per-Ticker Optimization v3 (with forward volume)
######################################################################
  Pipeline runs:  17,496
  Detection rows: 244,944 (x7 vol x2 TT)
  Evaluations:    734,832 (x3 exit profiles)
  Exit grid:      720 configs
  Volume variants: 7 (1 backward, 6 forward)

Cargando TSLA...
  Total: 2,875 barras (2015-01-02 a 2026-06-09)
  TRAIN: 1,258 barras (2015-01-02 a 2019-12-31)
  TEST:  1,617 barras (2020-01-02 a 2026-06-09)

Precomputando trend template...
  139/1258 dias en Stage 2 (0.01s)

Precomputando caches de swings (6 combos)...
  atr=2.0, close_only=False: 134 sw, 66 contr
  atr=2.0, close_only=True: 79 sw, 39 contr
  atr=3.0, close_only=False: 73 sw, 36 contr
  atr=3.0, close_only=True: 53 sw, 26 contr
  atr=4.0, close_only=False: 43 sw, 21 contr
  atr=4.0, close_only=True: 25 sw, 12 contr
  Caches en 0.11s

======================================================================
  FASE 1: DETECCION — TSLA TRAIN
  17,496 pipeline runs -> 244,944 rows (734,832 evals)
======================================================================
  4% (700/17,496) | 105s | 6.7 pipe/s | ETA 2510s (41.8m)
  9% (1,575/17,496) | 239s | 6.6 pipe/s | ETA 2412s (40.2m)
  14% (2,450/17,496) | 376s | 6.5 pipe/s | ETA 2310s (38.5m)
  19% (3,325/17,496) | 543s | 6.1 pipe/s | ETA 2316s (38.6m)
  24% (4,200/17,496) | 688s | 6.1 pipe/s | ETA 2179s (36.3m)
  29% (5,074/17,496) | 790s | 6.4 pipe/s | ETA 1933s (32.2m)
  34% (5,949/17,496) | 930s | 6.4 pipe/s | ETA 1806s (30.1m)
  39% (6,824/17,496) | 1021s | 6.7 pipe/s | ETA 1596s (26.6m)
  44% (7,699/17,496) | 1064s | 7.2 pipe/s | ETA 1354s (22.6m)
  49% (8,574/17,496) | 1133s | 7.6 pipe/s | ETA 1179s (19.7m)
  54% (9,448/17,496) | 1213s | 7.8 pipe/s | ETA 1033s (17.2m)
  59% (10,323/17,496) | 1263s | 8.2 pipe/s | ETA 877s (14.6m)
  64% (11,198/17,496) | 1296s | 8.6 pipe/s | ETA 729s (12.1m)
  69% (12,073/17,496) | 1331s | 9.1 pipe/s | ETA 598s (10.0m)
  74% (12,948/17,496) | 1370s | 9.5 pipe/s | ETA 481s (8.0m)
  79% (13,822/17,496) | 1403s | 9.9 pipe/s | ETA 373s (6.2m)
  84% (14,697/17,496) | 1432s | 10.3 pipe/s | ETA 273s (4.5m)
  89% (15,572/17,496) | 1454s | 10.7 pipe/s | ETA 180s (3.0m)
  94% (16,447/17,496) | 1476s | 11.1 pipe/s | ETA 94s (1.6m)
  99% (17,322/17,496) | 1498s | 11.6 pipe/s | ETA 15s (0.3m)

  Fase 1 completada: 244,944 rows en 1503s (25.0m)
  Con senales: 32,808/244,944
  Con trades:  32,808/244,944

──────────────────────────────────────────────────────────────────────
  ANALISIS DE SENSIBILIDAD (promedios across 3 exit profiles)
──────────────────────────────────────────────────────────────────────

  --- atr_mult ---
               2.0: avg_sig=   2.8, avg_T=  0.7, avg_CR=-0.0010, avg_WR=0.068, best_CR=+0.9234, con_T=25122/81648
               3.0: avg_sig=   0.6, avg_T=  0.2, avg_CR=+0.0014, avg_WR=0.017, best_CR=+0.5322, con_T=7470/81648
               4.0: avg_sig=   0.0, avg_T=  0.0, avg_CR=-0.0002, avg_WR=0.000, best_CR=+0.0000, con_T=216/81648

  --- max_depth_atr ---
              None: avg_sig=   1.5, avg_T=  0.4, avg_CR=-0.0025, avg_WR=0.032, best_CR=+0.9234, con_T=14934/81648
                 6: avg_sig=   0.7, avg_T=  0.2, avg_CR=-0.0020, avg_WR=0.018, best_CR=+0.4061, con_T=7266/81648
                 8: avg_sig=   1.2, avg_T=  0.3, avg_CR=+0.0047, avg_WR=0.036, best_CR=+0.9234, con_T=10608/81648

  --- reduction ---
               0.4: avg_sig=   0.5, avg_T=  0.1, avg_CR=-0.0013, avg_WR=0.010, best_CR=+0.5322, con_T=5992/81648
               0.6: avg_sig=   1.2, avg_T=  0.3, avg_CR=-0.0024, avg_WR=0.031, best_CR=+0.5322, con_T=12760/81648
               0.8: avg_sig=   1.8, avg_T=  0.4, avg_CR=+0.0039, avg_WR=0.044, best_CR=+0.9234, con_T=14056/81648

  --- lookback_bars ---
                63: avg_sig=   0.7, avg_T=  0.2, avg_CR=-0.0044, avg_WR=0.016, best_CR=+0.4061, con_T=12360/122472
               126: avg_sig=   1.5, avg_T=  0.4, avg_CR=+0.0045, avg_WR=0.041, best_CR=+0.9234, con_T=20448/122472

  --- comp_thresh ---
              0.85: avg_sig=   0.9, avg_T=  0.2, avg_CR=-0.0013, avg_WR=0.024, best_CR=+0.5322, con_T=9564/81648
               0.9: avg_sig=   1.2, avg_T=  0.3, avg_CR=-0.0004, avg_WR=0.029, best_CR=+0.9234, con_T=11622/81648
              0.95: avg_sig=   1.3, avg_T=  0.3, avg_CR=+0.0018, avg_WR=0.032, best_CR=+0.9234, con_T=11622/81648

  --- tolerance ---
               0.1: avg_sig=   1.1, avg_T=  0.3, avg_CR=-0.0000, avg_WR=0.029, best_CR=+0.9234, con_T=11012/81648
              0.15: avg_sig=   1.1, avg_T=  0.3, avg_CR=-0.0000, avg_WR=0.029, best_CR=+0.9234, con_T=11012/81648
               0.2: avg_sig=   1.1, avg_T=  0.3, avg_CR=+0.0002, avg_WR=0.029, best_CR=+0.9234, con_T=10784/81648

  --- max_depth_pct ---
              0.25: avg_sig=   0.9, avg_T=  0.2, avg_CR=-0.0070, avg_WR=0.015, best_CR=+0.4061, con_T=9802/81648
               0.3: avg_sig=   0.9, avg_T=  0.2, avg_CR=-0.0085, avg_WR=0.015, best_CR=+0.4061, con_T=10234/81648
              0.35: avg_sig=   1.7, avg_T=  0.3, avg_CR=+0.0156, avg_WR=0.055, best_CR=+0.9234, con_T=12772/81648

  --- asc_lows_tol ---
              0.01: avg_sig=   1.0, avg_T=  0.2, avg_CR=+0.0003, avg_WR=0.026, best_CR=+0.5322, con_T=9942/81648
              0.03: avg_sig=   1.0, avg_T=  0.3, avg_CR=-0.0028, avg_WR=0.023, best_CR=+0.5322, con_T=11094/81648
              0.08: avg_sig=   1.4, avg_T=  0.3, avg_CR=+0.0026, avg_WR=0.037, best_CR=+0.9234, con_T=11772/81648

  --- use_close_only ---
             False: avg_sig=   1.4, avg_T=  0.4, avg_CR=-0.0026, avg_WR=0.038, best_CR=+0.5322, con_T=21816/122472
              True: avg_sig=   0.9, avg_T=  0.2, avg_CR=+0.0027, avg_WR=0.019, best_CR=+0.9234, con_T=10992/122472

  --- trend_template ---
             False: avg_sig=   2.1, avg_T=  0.5, avg_CR=+0.0024, avg_WR=0.057, best_CR=+0.9234, con_T=28440/122472
              True: avg_sig=   0.2, avg_T=  0.0, avg_CR=-0.0023, avg_WR=0.000, best_CR=+0.0000, con_T=4368/122472

  --- vol_contraction ---
             False: avg_sig=   1.2, avg_T=  0.3, avg_CR=+0.0008, avg_WR=0.031, best_CR=+0.9234, con_T=17214/122472
              True: avg_sig=   1.0, avg_T=  0.2, avg_CR=-0.0007, avg_WR=0.026, best_CR=+0.5322, con_T=15594/122472

  --- vol_filter ---
         no_filter: avg_sig=   4.0, avg_T=  0.7, avg_CR=-0.0234, avg_WR=0.021, best_CR=+0.6920, con_T=12624/34992
        w1_t1.2_f3: avg_sig=   0.5, avg_T=  0.2, avg_CR=+0.0028, avg_WR=0.029, best_CR=+0.7234, con_T=3756/34992
        w1_t1.2_f5: avg_sig=   0.5, avg_T=  0.2, avg_CR=+0.0027, avg_WR=0.029, best_CR=+0.7234, con_T=3756/34992
        w3_t1.2_f3: avg_sig=   0.9, avg_T=  0.2, avg_CR=+0.0063, avg_WR=0.036, best_CR=+0.9234, con_T=3756/34992
        w3_t1.2_f5: avg_sig=   1.0, avg_T=  0.2, avg_CR=+0.0063, avg_WR=0.036, best_CR=+0.9234, con_T=3756/34992
        w1_t1.5_f3: avg_sig=   0.3, avg_T=  0.2, avg_CR=-0.0013, avg_WR=0.021, best_CR=+0.3216, con_T=2580/34992
        w3_t1.5_f3: avg_sig=   0.7, avg_T=  0.2, avg_CR=+0.0070, avg_WR=0.028, best_CR=+0.9234, con_T=2580/34992

──────────────────────────────────────────────────────────────────────
  COMPARATIVA: FORWARD vs BACKWARD-ONLY
──────────────────────────────────────────────────────────────────────

  Backward-only variants (avg across configs with trades):

  Forward variants (avg across configs with trades):
        w1_t1.2_f3: avg_CR=+0.0257, avg_WR=0.273, avg_T=  2.1, n=3756
        w1_t1.2_f5: avg_CR=+0.0256, avg_WR=0.268, avg_T=  2.1, n=3756
        w3_t1.2_f3: avg_CR=+0.0585, avg_WR=0.336, avg_T=  2.0, n=3756
        w3_t1.2_f5: avg_CR=+0.0585, avg_WR=0.336, avg_T=  2.0, n=3756
        w1_t1.5_f3: avg_CR=-0.0182, avg_WR=0.280, avg_T=  2.1, n=2580
        w3_t1.5_f3: avg_CR=+0.0950, avg_WR=0.383, avg_T=  2.1, n=2580

  Paired: forward variant vs backward base (same detection config)

──────────────────────────────────────────────────────────────────────
  ESTABILIDAD: CR por exit profile
──────────────────────────────────────────────────────────────────────

  Correlacion entre CRs de los 3 perfiles (configs con trades):
    tight-medium:  0.962
    tight-loose:   0.945
    medium-loose:  0.962

──────────────────────────────────────────────────────────────────────
  TOP 30 por avg_CR
──────────────────────────────────────────────────────────────────────
   1. atr=2.0 C mda=   8 red=0.80 lb=126 comp=0.90       vf=w3_t1.2_f3     ->  40sen T=3.7 WR=81% CR=+92.34%
   2. atr=2.0 C mda=None red=0.80 lb=126 comp=0.95       vf=w3_t1.5_f3     ->  30sen T=3.7 WR=81% CR=+92.34%
   3. atr=2.0 C mda=   8 red=0.80 lb=126 comp=0.90       vf=w3_t1.5_f3     ->  30sen T=3.7 WR=81% CR=+92.34%
   4. atr=2.0 C mda=   8 red=0.80 lb=126 comp=0.95       vf=w3_t1.2_f3     ->  40sen T=3.7 WR=81% CR=+92.34%
   5. atr=2.0 C mda=None red=0.80 lb=126 comp=0.95       vf=w3_t1.5_f3     ->  30sen T=3.7 WR=81% CR=+92.34%
   6. atr=2.0 C mda=   8 red=0.80 lb=126 comp=0.90       vf=w3_t1.2_f3     ->  40sen T=3.7 WR=81% CR=+92.34%
   7. atr=2.0 C mda=None red=0.80 lb=126 comp=0.90       vf=w3_t1.5_f3     ->  30sen T=3.7 WR=81% CR=+92.34%
   8. atr=2.0 C mda=   8 red=0.80 lb=126 comp=0.90       vf=w3_t1.2_f5     ->  40sen T=3.7 WR=81% CR=+92.34%
   9. atr=2.0 C mda=   8 red=0.80 lb=126 comp=0.90       vf=w3_t1.5_f3     ->  30sen T=3.7 WR=81% CR=+92.34%
  10. atr=2.0 C mda=   8 red=0.80 lb=126 comp=0.90       vf=w3_t1.2_f3     ->  40sen T=3.7 WR=81% CR=+92.34%
  11. atr=2.0 C mda=   8 red=0.80 lb=126 comp=0.90       vf=w3_t1.2_f5     ->  40sen T=3.7 WR=81% CR=+92.34%
  12. atr=2.0 C mda=   8 red=0.80 lb=126 comp=0.90       vf=w3_t1.2_f5     ->  40sen T=3.7 WR=81% CR=+92.34%
  13. atr=2.0 C mda=None red=0.80 lb=126 comp=0.90       vf=w3_t1.5_f3     ->  30sen T=3.7 WR=81% CR=+92.34%
  14. atr=2.0 C mda=   8 red=0.80 lb=126 comp=0.90       vf=w3_t1.5_f3     ->  30sen T=3.7 WR=81% CR=+92.34%
  15. atr=2.0 C mda=   8 red=0.80 lb=126 comp=0.95       vf=w3_t1.2_f5     ->  40sen T=3.7 WR=81% CR=+92.34%
  16. atr=2.0 C mda=   8 red=0.80 lb=126 comp=0.95       vf=w3_t1.5_f3     ->  30sen T=3.7 WR=81% CR=+92.34%
  17. atr=2.0 C mda=None red=0.80 lb=126 comp=0.90       vf=w3_t1.5_f3     ->  30sen T=3.7 WR=81% CR=+92.34%
  18. atr=2.0 C mda=   8 red=0.80 lb=126 comp=0.95       vf=w3_t1.2_f5     ->  40sen T=3.7 WR=81% CR=+92.34%
  19. atr=2.0 C mda=None red=0.80 lb=126 comp=0.95       vf=w3_t1.5_f3     ->  30sen T=3.7 WR=81% CR=+92.34%
  20. atr=2.0 C mda=   8 red=0.80 lb=126 comp=0.95       vf=w3_t1.2_f3     ->  40sen T=3.7 WR=81% CR=+92.34%
  21. atr=2.0 C mda=   8 red=0.80 lb=126 comp=0.95       vf=w3_t1.2_f5     ->  40sen T=3.7 WR=81% CR=+92.34%
  22. atr=2.0 C mda=   8 red=0.80 lb=126 comp=0.95       vf=w3_t1.5_f3     ->  30sen T=3.7 WR=81% CR=+92.34%
  23. atr=2.0 C mda=   8 red=0.80 lb=126 comp=0.95       vf=w3_t1.5_f3     ->  30sen T=3.7 WR=81% CR=+92.34%
  24. atr=2.0 C mda=   8 red=0.80 lb=126 comp=0.95       vf=w3_t1.2_f3     ->  40sen T=3.7 WR=81% CR=+92.34%
  25. atr=2.0 C mda=None red=0.80 lb=126 comp=0.95       vf=w3_t1.2_f5     ->  41sen T=4.7 WR=63% CR=+75.74%
  26. atr=2.0 C mda=None red=0.80 lb=126 comp=0.95       vf=w3_t1.2_f3     ->  41sen T=4.7 WR=63% CR=+75.74%
  27. atr=2.0 C mda=None red=0.80 lb=126 comp=0.95       vf=w3_t1.2_f5     ->  41sen T=4.7 WR=63% CR=+75.74%
  28. atr=2.0 C mda=None red=0.80 lb=126 comp=0.95       vf=w3_t1.2_f3     ->  41sen T=4.7 WR=63% CR=+75.74%
  29. atr=2.0 C mda=None red=0.80 lb=126 comp=0.95       vf=w3_t1.2_f5     ->  41sen T=4.7 WR=63% CR=+75.74%
  30. atr=2.0 C mda=None red=0.80 lb=126 comp=0.95       vf=w3_t1.2_f3     ->  41sen T=4.7 WR=63% CR=+75.74%

──────────────────────────────────────────────────────────────────────
  TOP 30 por avg_WR (min 3 trades)
──────────────────────────────────────────────────────────────────────
   1. atr=2.0 C mda=None red=0.80 lb=126 comp=0.90       vf=w3_t1.5_f3     ->  30sen T=3.7 WR=81% CR=+92.34%
   2. atr=2.0 C mda=None red=0.80 lb=126 comp=0.95       vf=w3_t1.5_f3     ->  30sen T=3.7 WR=81% CR=+92.34%
   3. atr=2.0 C mda=None red=0.80 lb=126 comp=0.90       vf=w3_t1.5_f3     ->  30sen T=3.7 WR=81% CR=+92.34%
   4. atr=2.0 C mda=None red=0.80 lb=126 comp=0.95       vf=w3_t1.5_f3     ->  30sen T=3.7 WR=81% CR=+92.34%
   5. atr=2.0 C mda=None red=0.80 lb=126 comp=0.90       vf=w3_t1.5_f3     ->  30sen T=3.7 WR=81% CR=+92.34%
   6. atr=2.0 C mda=None red=0.80 lb=126 comp=0.95       vf=w3_t1.5_f3     ->  30sen T=3.7 WR=81% CR=+92.34%
   7. atr=2.0 C mda=   8 red=0.80 lb=126 comp=0.90       vf=w3_t1.2_f3     ->  40sen T=3.7 WR=81% CR=+92.34%
   8. atr=2.0 C mda=   8 red=0.80 lb=126 comp=0.90       vf=w3_t1.2_f5     ->  40sen T=3.7 WR=81% CR=+92.34%
   9. atr=2.0 C mda=   8 red=0.80 lb=126 comp=0.90       vf=w3_t1.5_f3     ->  30sen T=3.7 WR=81% CR=+92.34%
  10. atr=2.0 C mda=   8 red=0.80 lb=126 comp=0.95       vf=w3_t1.2_f3     ->  40sen T=3.7 WR=81% CR=+92.34%
  11. atr=2.0 C mda=   8 red=0.80 lb=126 comp=0.95       vf=w3_t1.2_f5     ->  40sen T=3.7 WR=81% CR=+92.34%
  12. atr=2.0 C mda=   8 red=0.80 lb=126 comp=0.95       vf=w3_t1.5_f3     ->  30sen T=3.7 WR=81% CR=+92.34%
  13. atr=2.0 C mda=   8 red=0.80 lb=126 comp=0.90       vf=w3_t1.2_f3     ->  40sen T=3.7 WR=81% CR=+92.34%
  14. atr=2.0 C mda=   8 red=0.80 lb=126 comp=0.90       vf=w3_t1.2_f5     ->  40sen T=3.7 WR=81% CR=+92.34%
  15. atr=2.0 C mda=   8 red=0.80 lb=126 comp=0.90       vf=w3_t1.5_f3     ->  30sen T=3.7 WR=81% CR=+92.34%
  16. atr=2.0 C mda=   8 red=0.80 lb=126 comp=0.95       vf=w3_t1.2_f3     ->  40sen T=3.7 WR=81% CR=+92.34%
  17. atr=2.0 C mda=   8 red=0.80 lb=126 comp=0.95       vf=w3_t1.2_f5     ->  40sen T=3.7 WR=81% CR=+92.34%
  18. atr=2.0 C mda=   8 red=0.80 lb=126 comp=0.95       vf=w3_t1.5_f3     ->  30sen T=3.7 WR=81% CR=+92.34%
  19. atr=2.0 C mda=   8 red=0.80 lb=126 comp=0.90       vf=w3_t1.2_f3     ->  40sen T=3.7 WR=81% CR=+92.34%
  20. atr=2.0 C mda=   8 red=0.80 lb=126 comp=0.90       vf=w3_t1.2_f5     ->  40sen T=3.7 WR=81% CR=+92.34%
  21. atr=2.0 C mda=   8 red=0.80 lb=126 comp=0.90       vf=w3_t1.5_f3     ->  30sen T=3.7 WR=81% CR=+92.34%
  22. atr=2.0 C mda=   8 red=0.80 lb=126 comp=0.95       vf=w3_t1.2_f3     ->  40sen T=3.7 WR=81% CR=+92.34%
  23. atr=2.0 C mda=   8 red=0.80 lb=126 comp=0.95       vf=w3_t1.2_f5     ->  40sen T=3.7 WR=81% CR=+92.34%
  24. atr=2.0 C mda=   8 red=0.80 lb=126 comp=0.95       vf=w3_t1.5_f3     ->  30sen T=3.7 WR=81% CR=+92.34%
  25. atr=2.0 HL mda=   6 red=0.80 lb= 63 comp=0.95       vf=w3_t1.2_f3     ->  22sen T=3.0 WR=78% CR=+40.61%
  26. atr=2.0 HL mda=   6 red=0.80 lb= 63 comp=0.95       vf=w3_t1.2_f5     ->  23sen T=3.0 WR=78% CR=+40.61%
  27. atr=2.0 HL mda=   6 red=0.80 lb= 63 comp=0.95       vf=w3_t1.5_f3     ->  16sen T=3.0 WR=78% CR=+40.61%
  28. atr=2.0 HL mda=   6 red=0.80 lb= 63 comp=0.95       vf=w3_t1.2_f3     ->  22sen T=3.0 WR=78% CR=+40.61%
  29. atr=2.0 HL mda=   6 red=0.80 lb= 63 comp=0.95       vf=w3_t1.2_f5     ->  23sen T=3.0 WR=78% CR=+40.61%
  30. atr=2.0 HL mda=   6 red=0.80 lb= 63 comp=0.95       vf=w3_t1.5_f3     ->  16sen T=3.0 WR=78% CR=+40.61%

======================================================================
  SELECCION DE CANDIDATOS
  Eligible: 7,872/244,944 (min 3 trades promedio)
  Dedup por resultados: 138 configs unicas
======================================================================
  Top 10 por avg_CR + Top 10 por avg_WR = 15 candidatos unicos
   1. [CR] atr=2.0 mda=None red=0.80 lb=126 TT=N VC=N vf=w3_t1.5_f3     -> T=3.7 WR=81% CR=+92.34%
   2. [CR] atr=2.0 mda=   8 red=0.80 lb=126 TT=N VC=N vf=w3_t1.2_f3     -> T=3.7 WR=81% CR=+92.34%
   3. [CR] atr=2.0 mda=None red=0.80 lb=126 TT=N VC=N vf=w3_t1.2_f3     -> T=4.7 WR=63% CR=+75.74%
   4. [CR] atr=2.0 mda=   8 red=0.80 lb=126 TT=N VC=N vf=w1_t1.2_f3     -> T=4.7 WR=70% CR=+72.34%
   5. [CR] atr=2.0 mda=   8 red=0.80 lb=126 TT=N VC=N vf=no_filter      -> T=5.7 WR=52% CR=+69.20%
   6. [CR] atr=2.0 mda=None red=0.80 lb=126 TT=N VC=N vf=no_filter      -> T=7.3 WR=40% CR=+58.43%
   7. [CR] atr=2.0 mda=None red=0.80 lb=126 TT=N VC=N vf=w1_t1.2_f3     -> T=5.7 WR=58% CR=+57.47%
   8. [CR] atr=2.0 mda=   8 red=0.80 lb=126 TT=N VC=N vf=no_filter      -> T=6.7 WR=44% CR=+56.90%
   9. [CR] atr=2.0 mda=None red=0.80 lb=126 TT=N VC=N vf=w3_t1.5_f3     -> T=4.0 WR=58% CR=+52.05%
  10. [CR] atr=2.0 mda=None red=0.80 lb=126 TT=N VC=N vf=no_filter      -> T=8.3 WR=35% CR=+46.73%
  11. [WR] atr=2.0 mda=   6 red=0.80 lb=63 TT=N VC=N vf=w3_t1.2_f3     -> T=3.0 WR=78% CR=+40.61%
  12. [WR] atr=2.0 mda=   6 red=0.80 lb=63 TT=N VC=N vf=w3_t1.2_f5     -> T=3.0 WR=78% CR=+40.61%
  13. [WR] atr=2.0 mda=   6 red=0.80 lb=63 TT=N VC=N vf=w3_t1.5_f3     -> T=3.0 WR=78% CR=+40.61%
  14. [WR] atr=2.0 mda=   6 red=0.80 lb=63 TT=N VC=N vf=no_filter      -> T=4.0 WR=58% CR=+30.74%
  15. [WR] atr=2.0 mda=None red=0.80 lb=63 TT=N VC=N vf=w3_t1.2_f3     -> T=4.0 WR=58% CR=+30.38%

======================================================================
  FASE 2: SALIDA — TSLA TRAIN (720 configs x 15 candidatos)
======================================================================
  Candidato 1/15: 30 senales (vf=w3_t1.5_f3), evaluando 720 exits...
  Candidato 2/15: 40 senales (vf=w3_t1.2_f3), evaluando 720 exits...
  Candidato 3/15: 41 senales (vf=w3_t1.2_f3), evaluando 720 exits...
  Candidato 4/15: 18 senales (vf=w1_t1.2_f3), evaluando 720 exits...
  Candidato 5/15: 114 senales (vf=no_filter), evaluando 720 exits...
  Candidato 6/15: 125 senales (vf=no_filter), evaluando 720 exits...
  Candidato 7/15: 19 senales (vf=w1_t1.2_f3), evaluando 720 exits...
  Candidato 8/15: 115 senales (vf=no_filter), evaluando 720 exits...
  Candidato 9/15: 22 senales (vf=w3_t1.5_f3), evaluando 720 exits...
  Candidato 10/15: 126 senales (vf=no_filter), evaluando 720 exits...
  Candidato 11/15: 22 senales (vf=w3_t1.2_f3), evaluando 720 exits...
  Candidato 12/15: 23 senales (vf=w3_t1.2_f5), evaluando 720 exits...
  Candidato 13/15: 16 senales (vf=w3_t1.5_f3), evaluando 720 exits...
  Candidato 14/15: 49 senales (vf=no_filter), evaluando 720 exits...
  Candidato 15/15: 24 senales (vf=w3_t1.2_f3), evaluando 720 exits...

  Fase 2 completada: 10,800 rows en 41s (0.7m)

  Top exit por candidato:
    C 1: trail=1.5, target=5.0, early=None, be_R=0.5, sl=0.07, vf=w3_t1.5_f3 -> 4T WR=100% CR=+130.87%
    C 2: trail=1.5, target=5.0, early=None, be_R=0.5, sl=0.07, vf=w3_t1.2_f3 -> 4T WR=100% CR=+130.87%
    C 3: trail=1.5, target=5.0, early=None, be_R=0.5, sl=0.07, vf=w3_t1.2_f3 -> 5T WR=80% CR=+110.95%
    C 4: trail=1.5, target=5.0, early=None, be_R=0.5, sl=0.07, vf=w1_t1.2_f3 -> 5T WR=100% CR=+115.03%
    C 5: trail=1.5, target=5.0, early=None, be_R=0.5, sl=0.05, vf=no_filter -> 8T WR=88% CR=+110.79%
    C 6: trail=2.5, target=5.0, early=None, be_R=0.5, sl=0.05, vf=no_filter -> 9T WR=78% CR=+109.48%
    C 7: trail=1.5, target=5.0, early=None, be_R=0.5, sl=0.07, vf=w1_t1.2_f3 -> 6T WR=83% CR=+96.48%
    C 8: trail=1.5, target=5.0, early=None, be_R=0.5, sl=0.05, vf=no_filter -> 9T WR=78% CR=+99.53%
    C 9: trail=1.5, target=5.0, early=3, be_R=0.5, sl=0.07, vf=w3_t1.5_f3 -> 4T WR=75% CR=+78.89%
    C10: trail=2.5, target=5.0, early=None, be_R=0.5, sl=0.05, vf=no_filter -> 10T WR=70% CR=+98.29%
    C11: trail=1.5, target=2.0, early=None, be_R=1.0, sl=0.03, vf=w3_t1.2_f3 -> 8T WR=75% CR=+49.45%
    C12: trail=1.5, target=2.0, early=None, be_R=1.0, sl=0.03, vf=w3_t1.2_f5 -> 8T WR=75% CR=+49.45%
    C13: trail=1.5, target=None, early=None, be_R=1.0, sl=0.03, vf=w3_t1.5_f3 -> 4T WR=100% CR=+48.13%
    C14: trail=1.5, target=2.0, early=None, be_R=0.5, sl=0.05, vf=no_filter -> 7T WR=86% CR=+50.86%
    C15: trail=1.5, target=None, early=3, be_R=0.5, sl=0.07, vf=w3_t1.2_f3 -> 4T WR=75% CR=+45.99%

======================================================================
  RANKING FINAL — TSLA TRAIN
======================================================================

  Top 10 combos por composite (50% CR + 30% WR + 20% avg_R):

    #   Comp    T     WR         CR    avgR  trail target early be_R    sl              vf TT VC
  ─────────────────────────────────────────────────────────────────────────────────────────────────────────
    1  0.984    4  100%   +130.87%  +3.41    1.5    5.0  None  0.5  0.07      w3_t1.5_f3  N  N
    2  0.984    4  100%   +130.87%  +3.41    1.5    5.0  None  0.5  0.07      w3_t1.2_f3  N  N
    3  0.811    5  100%   +115.03%  +2.46    1.5    5.0  None  0.5  0.07      w1_t1.2_f3  N  N
    4  0.630    8  88%   +110.79%  +2.10    1.5    5.0  None  0.5  0.05       no_filter  N  N
    5  0.588    5  80%   +110.95%  +2.48    1.5    5.0  None  0.5  0.07      w3_t1.2_f3  N  N
    6  0.513    4  100%    +48.13%  +3.60    1.5   None  None  1.0  0.03      w3_t1.5_f3  N  N
    7  0.504    9  78%   +109.48%  +1.85    2.5    5.0  None  0.5  0.05       no_filter  N  N
    8  0.483    6  83%    +96.48%  +1.84    1.5    5.0  None  0.5  0.07      w1_t1.2_f3  N  N
    9  0.437    9  78%    +99.53%  +1.75    1.5    5.0  None  0.5  0.05       no_filter  N  N
   10  0.345    4  75%    +78.89%  +2.43    1.5    5.0     3  0.5  0.07      w3_t1.5_f3  N  N

──────────────────────────────────────────────────────────────────────
  DETALLE DE TRADES — Top 3 combos
──────────────────────────────────────────────────────────────────────

  #1 (composite=0.984): trail=1.5, target=5.0, vf=w3_t1.5_f3, TT=N
     4T, WR=100%, CR=+130.87%, avgR=+3.41
     Salidas: open=1, target=1, trailing_stop=2
      1: 2015-04-08 -> 2015-07-07 | trailing_stop   | PnL=+28.99% | R=+4.1R | MaxR=5.0R | Dur=90d
      2: 2015-07-08 -> 2015-07-21 | trailing_stop   | PnL=+4.63% | R=+0.7R | MaxR=1.5R | Dur=13d
      3: 2019-10-14 -> 2019-11-12 | target          | PnL=+36.18% | R=+5.2R | MaxR=5.2R | Dur=29d
      4: 2019-11-22 -> 2019-12-31 | open            | PnL=+25.61% | R=+3.7R | MaxR=4.2R | Dur=39d

  #2 (composite=0.984): trail=1.5, target=5.0, vf=w3_t1.2_f3, TT=N
     4T, WR=100%, CR=+130.87%, avgR=+3.41
     Salidas: open=1, target=1, trailing_stop=2
      1: 2015-04-08 -> 2015-07-07 | trailing_stop   | PnL=+28.99% | R=+4.1R | MaxR=5.0R | Dur=90d
      2: 2015-07-08 -> 2015-07-21 | trailing_stop   | PnL=+4.63% | R=+0.7R | MaxR=1.5R | Dur=13d
      3: 2019-10-14 -> 2019-11-12 | target          | PnL=+36.18% | R=+5.2R | MaxR=5.2R | Dur=29d
      4: 2019-11-22 -> 2019-12-31 | open            | PnL=+25.61% | R=+3.7R | MaxR=4.2R | Dur=39d

  #3 (composite=0.811): trail=1.5, target=5.0, vf=w1_t1.2_f3, TT=N
     5T, WR=100%, CR=+115.03%, avgR=+2.46
     Salidas: open=1, target=1, time_exit=1, trailing_stop=2
      1: 2015-04-22 -> 2015-06-08 | time_exit       | PnL=+16.79% | R=+2.4R | MaxR=2.4R | Dur=47d
      2: 2015-06-17 -> 2015-07-07 | trailing_stop   | PnL=+2.87% | R=+0.4R | MaxR=1.1R | Dur=20d
      3: 2015-07-08 -> 2015-07-21 | trailing_stop   | PnL=+4.63% | R=+0.7R | MaxR=1.5R | Dur=13d
      4: 2019-10-14 -> 2019-11-12 | target          | PnL=+36.18% | R=+5.2R | MaxR=5.2R | Dur=29d
      5: 2019-11-22 -> 2019-12-31 | open            | PnL=+25.61% | R=+3.7R | MaxR=4.2R | Dur=39d

  Guardado: /home/gdelarosa/proyectos/deteccion-vcp/experiments/stocks_deep_per_ticker_v3/results/tsla_phase1_detection.csv
  Guardado: /home/gdelarosa/proyectos/deteccion-vcp/experiments/stocks_deep_per_ticker_v3/results/tsla_phase2_exit.csv

  Tiempo total TSLA: 1548s (25.8m)

######################################################################
  TSLA — COMPLETO
######################################################################

Todo completo!
