Deep Per-Ticker VCP Optimization v2
  Tickers: GOOGL
  Train cutoff: 2020-01-01
  Top N: 10
  Min trades: 3

######################################################################
  GOOGL — Deep Per-Ticker Optimization v2
######################################################################
  Pipeline runs:  17,496
  Detection rows: 244,944 (x7 vol x2 TT)
  Evaluations:    734,832 (x3 exit profiles)
  Exit grid:      720 configs

Cargando GOOGL...
  Total: 2,832 barras (2015-01-02 a 2026-04-08)
  TRAIN: 1,258 barras (2015-01-02 a 2019-12-31)
  TEST:  1,574 barras (2020-01-02 a 2026-04-08)

Precomputando trend template...
  261/1258 dias en Stage 2 (0.01s)

Precomputando caches de swings (6 combos)...
  atr=2.0, close_only=False: 144 sw, 71 contr
  atr=2.0, close_only=True: 75 sw, 37 contr
  atr=3.0, close_only=False: 69 sw, 34 contr
  atr=3.0, close_only=True: 41 sw, 20 contr
  atr=4.0, close_only=False: 39 sw, 19 contr
  atr=4.0, close_only=True: 27 sw, 13 contr
  Caches en 0.10s

======================================================================
  FASE 1: DETECCION — GOOGL TRAIN
  17,496 pipeline runs -> 244,944 rows (734,832 evals)
======================================================================
  4% (700/17,496) | 137s | 5.1 pipe/s | ETA 3296s (54.9m)
  9% (1,575/17,496) | 291s | 5.4 pipe/s | ETA 2945s (49.1m)
  14% (2,450/17,496) | 1248s | 2.0 pipe/s | ETA 7664s (127.7m)
  19% (3,325/17,496) | 1403s | 2.4 pipe/s | ETA 5979s (99.6m)
  24% (4,200/17,496) | 1555s | 2.7 pipe/s | ETA 4922s (82.0m)
  29% (5,074/17,496) | 2083s | 2.4 pipe/s | ETA 5099s (85.0m)
  34% (5,949/17,496) | 2247s | 2.6 pipe/s | ETA 4362s (72.7m)
  39% (6,824/17,496) | 2334s | 2.9 pipe/s | ETA 3651s (60.8m)
  44% (7,699/17,496) | 2401s | 3.2 pipe/s | ETA 3055s (50.9m)
  49% (8,574/17,496) | 2470s | 3.5 pipe/s | ETA 2570s (42.8m)
  54% (9,448/17,496) | 2552s | 3.7 pipe/s | ETA 2174s (36.2m)
  59% (10,323/17,496) | 2582s | 4.0 pipe/s | ETA 1794s (29.9m)
  64% (11,198/17,496) | 2618s | 4.3 pipe/s | ETA 1472s (24.5m)
  69% (12,073/17,496) | 2661s | 4.5 pipe/s | ETA 1195s (19.9m)
  74% (12,948/17,496) | 2698s | 4.8 pipe/s | ETA 948s (15.8m)
  79% (13,822/17,496) | 2717s | 5.1 pipe/s | ETA 722s (12.0m)
  84% (14,697/17,496) | 2753s | 5.3 pipe/s | ETA 524s (8.7m)
  89% (15,572/17,496) | 2771s | 5.6 pipe/s | ETA 342s (5.7m)
  94% (16,447/17,496) | 2790s | 5.9 pipe/s | ETA 178s (3.0m)
  99% (17,322/17,496) | 2807s | 6.2 pipe/s | ETA 28s (0.5m)

  Fase 1 completada: 244,944 rows en 2811s (46.8m)
  Con senales: 123,138/244,944
  Con trades:  123,138/244,944

──────────────────────────────────────────────────────────────────────
  ANALISIS DE SENSIBILIDAD (promedios across 3 exit profiles)
──────────────────────────────────────────────────────────────────────

  --- atr_mult ---
           2.0: avg_sig=  22.1, avg_T=  3.8, avg_CR=+0.0399, avg_WR=0.469, best_CR=+0.6638, con_T=79830/81648
           3.0: avg_sig=   7.1, avg_T=  1.2, avg_CR=+0.0063, avg_WR=0.287, best_CR=+0.2408, con_T=37692/81648
           4.0: avg_sig=   0.8, avg_T=  0.1, avg_CR=+0.0017, avg_WR=0.044, best_CR=+0.1127, con_T=5616/81648

  --- max_depth_atr ---
          None: avg_sig=   9.3, avg_T=  1.7, avg_CR=+0.0100, avg_WR=0.248, best_CR=+0.4260, con_T=42246/81648
             6: avg_sig=   9.6, avg_T=  1.6, avg_CR=+0.0164, avg_WR=0.257, best_CR=+0.5435, con_T=38556/81648
             8: avg_sig=  11.1, avg_T=  1.9, avg_CR=+0.0216, avg_WR=0.295, best_CR=+0.6638, con_T=42336/81648

  --- reduction ---
           0.4: avg_sig=   4.5, avg_T=  0.8, avg_CR=+0.0032, avg_WR=0.162, best_CR=+0.1416, con_T=26532/81648
           0.6: avg_sig=  10.1, avg_T=  1.8, avg_CR=+0.0174, avg_WR=0.286, best_CR=+0.5058, con_T=43524/81648
           0.8: avg_sig=  15.4, avg_T=  2.6, avg_CR=+0.0273, avg_WR=0.352, best_CR=+0.6638, con_T=53082/81648

  --- lookback_bars ---
            63: avg_sig=   7.6, avg_T=  1.3, avg_CR=+0.0082, avg_WR=0.274, best_CR=+0.3115, con_T=56700/122472
           126: avg_sig=  12.4, avg_T=  2.1, avg_CR=+0.0238, avg_WR=0.260, best_CR=+0.6638, con_T=66438/122472

  --- comp_thresh ---
          0.85: avg_sig=   7.0, avg_T=  1.3, avg_CR=+0.0084, avg_WR=0.189, best_CR=+0.5298, con_T=34524/81648
           0.9: avg_sig=  10.6, avg_T=  1.8, avg_CR=+0.0160, avg_WR=0.291, best_CR=+0.6303, con_T=43578/81648
          0.95: avg_sig=  12.4, avg_T=  2.1, avg_CR=+0.0235, avg_WR=0.321, best_CR=+0.6638, con_T=45036/81648

  --- tolerance ---
           0.1: avg_sig=  10.2, avg_T=  1.7, avg_CR=+0.0178, avg_WR=0.270, best_CR=+0.6638, con_T=41046/81648
          0.15: avg_sig=   9.9, avg_T=  1.7, avg_CR=+0.0151, avg_WR=0.265, best_CR=+0.5753, con_T=41046/81648
           0.2: avg_sig=   9.9, avg_T=  1.7, avg_CR=+0.0151, avg_WR=0.265, best_CR=+0.5753, con_T=41046/81648

  --- max_depth_pct ---
          0.25: avg_sig=  10.0, avg_T=  1.7, avg_CR=+0.0160, avg_WR=0.267, best_CR=+0.6638, con_T=41046/81648
           0.3: avg_sig=  10.0, avg_T=  1.7, avg_CR=+0.0160, avg_WR=0.267, best_CR=+0.6638, con_T=41046/81648
          0.35: avg_sig=  10.0, avg_T=  1.7, avg_CR=+0.0160, avg_WR=0.267, best_CR=+0.6638, con_T=41046/81648

  --- asc_lows_tol ---
          0.01: avg_sig=  10.5, avg_T=  1.8, avg_CR=+0.0167, avg_WR=0.274, best_CR=+0.5753, con_T=41283/81648
          0.03: avg_sig=  10.0, avg_T=  1.7, avg_CR=+0.0157, avg_WR=0.263, best_CR=+0.5753, con_T=41013/81648
          0.08: avg_sig=   9.6, avg_T=  1.7, avg_CR=+0.0156, avg_WR=0.263, best_CR=+0.6638, con_T=40842/81648

  --- use_close_only ---
         False: avg_sig=  10.4, avg_T=  2.2, avg_CR=-0.0072, avg_WR=0.221, best_CR=+0.2408, con_T=71388/122472
          True: avg_sig=   9.7, avg_T=  1.3, avg_CR=+0.0392, avg_WR=0.313, best_CR=+0.6638, con_T=51750/122472

  --- trend_template ---
         False: avg_sig=  13.8, avg_T=  2.4, avg_CR=+0.0211, avg_WR=0.296, best_CR=+0.6638, con_T=62982/122472
          True: avg_sig=   6.2, avg_T=  1.1, avg_CR=+0.0109, avg_WR=0.237, best_CR=+0.3214, con_T=60156/122472

  --- vol_contraction ---
         False: avg_sig=  11.1, avg_T=  1.9, avg_CR=+0.0219, avg_WR=0.269, best_CR=+0.6638, con_T=61740/122472
          True: avg_sig=   8.9, avg_T=  1.5, avg_CR=+0.0101, avg_WR=0.264, best_CR=+0.3948, con_T=61398/122472

  --- vol_filter ---
     no_filter: avg_sig=  25.2, avg_T=  2.3, avg_CR=+0.0265, avg_WR=0.262, best_CR=+0.6638, con_T=17730/34992
       w1_t1.2: avg_sig=   5.4, avg_T=  1.7, avg_CR=+0.0120, avg_WR=0.268, best_CR=+0.5955, con_T=17658/34992
       w1_t1.5: avg_sig=   2.3, avg_T=  1.3, avg_CR=+0.0107, avg_WR=0.260, best_CR=+0.3778, con_T=17478/34992
       w3_t1.2: avg_sig=  11.1, avg_T=  1.9, avg_CR=+0.0168, avg_WR=0.274, best_CR=+0.6236, con_T=17658/34992
       w3_t1.5: avg_sig=   4.6, avg_T=  1.4, avg_CR=+0.0121, avg_WR=0.261, best_CR=+0.4669, con_T=17478/34992
       w5_t1.2: avg_sig=  14.8, avg_T=  2.0, avg_CR=+0.0208, avg_WR=0.279, best_CR=+0.6147, con_T=17658/34992
       w5_t1.5: avg_sig=   6.8, avg_T=  1.4, avg_CR=+0.0131, avg_WR=0.263, best_CR=+0.4842, con_T=17478/34992

──────────────────────────────────────────────────────────────────────
  ESTABILIDAD: CR por exit profile
──────────────────────────────────────────────────────────────────────

  Correlacion entre CRs de los 3 perfiles (configs con trades):
    tight-medium:  0.922
    tight-loose:   0.763
    medium-loose:  0.768

  Promedio CR por perfil:
      CR_tight: mean=+0.0123, best=+0.5399
     CR_medium: mean=+0.0285, best=+0.7884
      CR_loose: mean=+0.0546, best=+0.6632

──────────────────────────────────────────────────────────────────────
  TOP 30 por avg_CR
──────────────────────────────────────────────────────────────────────
   1. atr=2.0 C mda=   8 red=0.80 lb=126 comp=0.95       vf=no_filter -> 220sen T=17.0 WR=70% CR=+66.38%
   2. atr=2.0 C mda=   8 red=0.80 lb=126 comp=0.95       vf=no_filter -> 220sen T=17.0 WR=70% CR=+66.38%
   3. atr=2.0 C mda=   8 red=0.80 lb=126 comp=0.95       vf=no_filter -> 220sen T=17.0 WR=70% CR=+66.38%
   4. atr=2.0 C mda=   8 red=0.80 lb=126 comp=0.90       vf=no_filter -> 190sen T=14.7 WR=72% CR=+63.03%
   5. atr=2.0 C mda=   8 red=0.80 lb=126 comp=0.90       vf=no_filter -> 190sen T=14.7 WR=72% CR=+63.03%
   6. atr=2.0 C mda=   8 red=0.80 lb=126 comp=0.90       vf=no_filter -> 190sen T=14.7 WR=72% CR=+63.03%
   7. atr=2.0 C mda=   8 red=0.80 lb=126 comp=0.95       vf=w3_t1.2  -> 107sen T=13.3 WR=78% CR=+62.36%
   8. atr=2.0 C mda=   8 red=0.80 lb=126 comp=0.95       vf=w3_t1.2  -> 107sen T=13.3 WR=78% CR=+62.36%
   9. atr=2.0 C mda=   8 red=0.80 lb=126 comp=0.95       vf=w3_t1.2  -> 107sen T=13.3 WR=78% CR=+62.36%
  10. atr=2.0 C mda=   8 red=0.80 lb=126 comp=0.95       vf=w5_t1.2  -> 142sen T=14.3 WR=74% CR=+61.47%
  11. atr=2.0 C mda=   8 red=0.80 lb=126 comp=0.95       vf=w5_t1.2  -> 142sen T=14.3 WR=74% CR=+61.47%
  12. atr=2.0 C mda=   8 red=0.80 lb=126 comp=0.95       vf=w5_t1.2  -> 142sen T=14.3 WR=74% CR=+61.47%
  13. atr=2.0 C mda=   8 red=0.80 lb=126 comp=0.95       vf=w1_t1.2  ->  60sen T=12.7 WR=79% CR=+59.55%
  14. atr=2.0 C mda=   8 red=0.80 lb=126 comp=0.95       vf=w1_t1.2  ->  60sen T=12.7 WR=79% CR=+59.55%
  15. atr=2.0 C mda=   8 red=0.80 lb=126 comp=0.95       vf=w1_t1.2  ->  60sen T=12.7 WR=79% CR=+59.55%
  16. atr=2.0 C mda=   8 red=0.80 lb=126 comp=0.95       vf=no_filter -> 206sen T=16.0 WR=68% CR=+57.53%
  17. atr=2.0 C mda=   8 red=0.80 lb=126 comp=0.95       vf=no_filter -> 206sen T=16.0 WR=68% CR=+57.53%
  18. atr=2.0 C mda=   8 red=0.80 lb=126 comp=0.95       vf=no_filter -> 206sen T=16.0 WR=68% CR=+57.53%
  19. atr=2.0 C mda=   8 red=0.80 lb=126 comp=0.95       vf=no_filter -> 206sen T=16.0 WR=68% CR=+57.53%
  20. atr=2.0 C mda=   8 red=0.80 lb=126 comp=0.95       vf=no_filter -> 206sen T=16.0 WR=68% CR=+57.53%
  21. atr=2.0 C mda=   8 red=0.80 lb=126 comp=0.95       vf=no_filter -> 206sen T=16.0 WR=68% CR=+57.53%
  22. atr=2.0 C mda=   8 red=0.80 lb=126 comp=0.95       vf=no_filter -> 206sen T=16.0 WR=68% CR=+57.53%
  23. atr=2.0 C mda=   8 red=0.80 lb=126 comp=0.95       vf=no_filter -> 206sen T=16.0 WR=68% CR=+57.53%
  24. atr=2.0 C mda=   8 red=0.80 lb=126 comp=0.95       vf=no_filter -> 206sen T=16.0 WR=68% CR=+57.53%
  25. atr=2.0 C mda=   8 red=0.80 lb=126 comp=0.95       vf=no_filter -> 206sen T=16.0 WR=68% CR=+57.53%
  26. atr=2.0 C mda=   8 red=0.80 lb=126 comp=0.95       vf=no_filter -> 206sen T=16.0 WR=68% CR=+57.53%
  27. atr=2.0 C mda=   8 red=0.80 lb=126 comp=0.95       vf=no_filter -> 206sen T=16.0 WR=68% CR=+57.53%
  28. atr=2.0 C mda=   8 red=0.80 lb=126 comp=0.95       vf=no_filter -> 206sen T=16.0 WR=68% CR=+57.53%
  29. atr=2.0 C mda=   8 red=0.80 lb=126 comp=0.95       vf=no_filter -> 206sen T=16.0 WR=68% CR=+57.53%
  30. atr=2.0 C mda=   8 red=0.80 lb=126 comp=0.95       vf=no_filter -> 206sen T=16.0 WR=68% CR=+57.53%

──────────────────────────────────────────────────────────────────────
  TOP 30 por avg_WR (min 3 trades)
──────────────────────────────────────────────────────────────────────
   1. atr=2.0 C mda=   8 red=0.80 lb=126 comp=0.85    VC vf=w5_t1.2  ->  56sen T=4.3 WR=100% CR=+21.90%
   2. atr=2.0 C mda=   8 red=0.80 lb=126 comp=0.85    VC vf=w5_t1.2  ->  56sen T=4.3 WR=100% CR=+21.90%
   3. atr=2.0 C mda=   8 red=0.80 lb=126 comp=0.85    VC vf=w5_t1.2  ->  56sen T=4.3 WR=100% CR=+21.90%
   4. atr=2.0 C mda=   8 red=0.80 lb=126 comp=0.85    VC vf=w1_t1.2  ->  20sen T=4.3 WR=100% CR=+21.78%
   5. atr=2.0 C mda=   8 red=0.80 lb=126 comp=0.85    VC vf=w3_t1.2  ->  41sen T=4.3 WR=100% CR=+21.78%
   6. atr=2.0 C mda=   8 red=0.80 lb=126 comp=0.85    VC vf=w1_t1.2  ->  20sen T=4.3 WR=100% CR=+21.78%
   7. atr=2.0 C mda=   8 red=0.80 lb=126 comp=0.85    VC vf=w3_t1.2  ->  41sen T=4.3 WR=100% CR=+21.78%
   8. atr=2.0 C mda=   8 red=0.80 lb=126 comp=0.85    VC vf=w1_t1.2  ->  20sen T=4.3 WR=100% CR=+21.78%
   9. atr=2.0 C mda=   8 red=0.80 lb=126 comp=0.85    VC vf=w3_t1.2  ->  41sen T=4.3 WR=100% CR=+21.78%
  10. atr=3.0 HL mda=None red=0.80 lb=126 comp=0.95       vf=w1_t1.2  ->  21sen T=4.0 WR=100% CR=+20.84%
  11. atr=3.0 HL mda=None red=0.80 lb=126 comp=0.95    VC vf=w1_t1.2  ->  21sen T=4.0 WR=100% CR=+20.84%
  12. atr=3.0 HL mda=None red=0.80 lb=126 comp=0.95       vf=w1_t1.2  ->  21sen T=4.0 WR=100% CR=+20.84%
  13. atr=3.0 HL mda=None red=0.80 lb=126 comp=0.95    VC vf=w1_t1.2  ->  21sen T=4.0 WR=100% CR=+20.84%
  14. atr=3.0 HL mda=None red=0.80 lb=126 comp=0.95       vf=w1_t1.2  ->  21sen T=4.0 WR=100% CR=+20.84%
  15. atr=3.0 HL mda=None red=0.80 lb=126 comp=0.95    VC vf=w1_t1.2  ->  21sen T=4.0 WR=100% CR=+20.84%
  16. atr=3.0 HL mda=None red=0.80 lb=126 comp=0.95       vf=w1_t1.2  ->  21sen T=4.0 WR=100% CR=+20.84%
  17. atr=3.0 HL mda=None red=0.80 lb=126 comp=0.95    VC vf=w1_t1.2  ->  21sen T=4.0 WR=100% CR=+20.84%
  18. atr=3.0 HL mda=None red=0.80 lb=126 comp=0.95       vf=w1_t1.2  ->  21sen T=4.0 WR=100% CR=+20.84%
  19. atr=3.0 HL mda=None red=0.80 lb=126 comp=0.95    VC vf=w1_t1.2  ->  21sen T=4.0 WR=100% CR=+20.84%
  20. atr=3.0 HL mda=None red=0.80 lb=126 comp=0.95       vf=w1_t1.2  ->  21sen T=4.0 WR=100% CR=+20.84%
  21. atr=3.0 HL mda=None red=0.80 lb=126 comp=0.95    VC vf=w1_t1.2  ->  21sen T=4.0 WR=100% CR=+20.84%
  22. atr=2.0 C mda=   6 red=0.60 lb=126 comp=0.85    VC vf=w5_t1.2  ->  49sen T=3.3 WR=100% CR=+17.14%
  23. atr=2.0 C mda=   6 red=0.60 lb=126 comp=0.85    VC vf=w5_t1.2  ->  49sen T=3.3 WR=100% CR=+17.14%
  24. atr=2.0 C mda=   6 red=0.60 lb=126 comp=0.85    VC vf=w5_t1.2  ->  49sen T=3.3 WR=100% CR=+17.14%
  25. atr=2.0 C mda=   6 red=0.60 lb=126 comp=0.85    VC vf=w5_t1.2  ->  49sen T=3.3 WR=100% CR=+17.14%
  26. atr=2.0 C mda=   6 red=0.60 lb=126 comp=0.85    VC vf=w5_t1.2  ->  49sen T=3.3 WR=100% CR=+17.14%
  27. atr=2.0 C mda=   6 red=0.60 lb=126 comp=0.85    VC vf=w5_t1.2  ->  49sen T=3.3 WR=100% CR=+17.14%
  28. atr=2.0 C mda=   6 red=0.60 lb=126 comp=0.85    VC vf=w5_t1.2  ->  49sen T=3.3 WR=100% CR=+17.14%
  29. atr=2.0 C mda=   6 red=0.60 lb=126 comp=0.85    VC vf=w5_t1.2  ->  49sen T=3.3 WR=100% CR=+17.14%
  30. atr=2.0 C mda=   6 red=0.60 lb=126 comp=0.85    VC vf=w5_t1.2  ->  49sen T=3.3 WR=100% CR=+17.14%

======================================================================
  SELECCION DE CANDIDATOS
  Eligible: 59,196/244,944 (min 3 trades promedio)
  Dedup por resultados: 1,334 configs unicas
======================================================================
  Top 10 por avg_CR + Top 10 por avg_WR = 20 candidatos unicos
   1. [CR] atr=2.0 mda=   8 red=0.80 lb=126 TT=N VC=N vf=no_filter -> T=17.0 WR=70% CR=+66.38%
   2. [CR] atr=2.0 mda=   8 red=0.80 lb=126 TT=N VC=N vf=no_filter -> T=14.7 WR=72% CR=+63.03%
   3. [CR] atr=2.0 mda=   8 red=0.80 lb=126 TT=N VC=N vf=w3_t1.2  -> T=13.3 WR=78% CR=+62.36%
   4. [CR] atr=2.0 mda=   8 red=0.80 lb=126 TT=N VC=N vf=w5_t1.2  -> T=14.3 WR=74% CR=+61.47%
   5. [CR] atr=2.0 mda=   8 red=0.80 lb=126 TT=N VC=N vf=w1_t1.2  -> T=12.7 WR=79% CR=+59.55%
   6. [CR] atr=2.0 mda=   8 red=0.80 lb=126 TT=N VC=N vf=no_filter -> T=16.0 WR=68% CR=+57.53%
   7. [CR] atr=2.0 mda=   8 red=0.80 lb=126 TT=N VC=N vf=w3_t1.2  -> T=12.0 WR=78% CR=+56.60%
   8. [CR] atr=2.0 mda=   8 red=0.80 lb=126 TT=N VC=N vf=w3_t1.2  -> T=12.3 WR=76% CR=+56.03%
   9. [CR] atr=2.0 mda=   8 red=0.80 lb=126 TT=N VC=N vf=w5_t1.2  -> T=13.0 WR=74% CR=+55.75%
  10. [CR] atr=2.0 mda=   8 red=0.80 lb=126 TT=N VC=N vf=no_filter -> T=16.0 WR=73% CR=+55.53%
  11. [WR] atr=2.0 mda=   8 red=0.80 lb=126 TT=N VC=Y vf=w5_t1.2  -> T=4.3 WR=100% CR=+21.90%
  12. [WR] atr=2.0 mda=   8 red=0.80 lb=126 TT=N VC=Y vf=w1_t1.2  -> T=4.3 WR=100% CR=+21.78%
  13. [WR] atr=2.0 mda=   8 red=0.80 lb=126 TT=N VC=Y vf=w3_t1.2  -> T=4.3 WR=100% CR=+21.78%
  14. [WR] atr=3.0 mda=None red=0.80 lb=126 TT=N VC=N vf=w1_t1.2  -> T=4.0 WR=100% CR=+20.84%
  15. [WR] atr=2.0 mda=   6 red=0.60 lb=126 TT=N VC=Y vf=w5_t1.2  -> T=3.3 WR=100% CR=+17.14%
  16. [WR] atr=2.0 mda=   6 red=0.60 lb=126 TT=N VC=Y vf=w1_t1.2  -> T=3.3 WR=100% CR=+17.03%
  17. [WR] atr=2.0 mda=   6 red=0.60 lb=126 TT=N VC=Y vf=w3_t1.2  -> T=3.3 WR=100% CR=+17.03%
  18. [WR] atr=2.0 mda=None red=0.80 lb=126 TT=N VC=Y vf=w1_t1.2  -> T=4.0 WR=100% CR=+13.50%
  19. [WR] atr=2.0 mda=None red=0.80 lb=126 TT=N VC=Y vf=w1_t1.2  -> T=3.0 WR=100% CR=+13.45%
  20. [WR] atr=2.0 mda=None red=0.80 lb=126 TT=N VC=Y vf=w3_t1.2  -> T=3.0 WR=100% CR=+13.45%

======================================================================
  FASE 2: SALIDA — GOOGL TRAIN (720 configs x 20 candidatos)
======================================================================
  Candidato 1/20: 220 senales, evaluando 720 exits...
  Candidato 2/20: 190 senales, evaluando 720 exits...
  Candidato 3/20: 107 senales, evaluando 720 exits...
  Candidato 4/20: 142 senales, evaluando 720 exits...
  Candidato 5/20: 60 senales, evaluando 720 exits...
  Candidato 6/20: 206 senales, evaluando 720 exits...
  Candidato 7/20: 99 senales, evaluando 720 exits...
  Candidato 8/20: 102 senales, evaluando 720 exits...
  Candidato 9/20: 130 senales, evaluando 720 exits...
  Candidato 10/20: 202 senales, evaluando 720 exits...
  Candidato 11/20: 56 senales, evaluando 720 exits...
  Candidato 12/20: 20 senales, evaluando 720 exits...
  Candidato 13/20: 41 senales, evaluando 720 exits...
  Candidato 14/20: 21 senales, evaluando 720 exits...
  Candidato 15/20: 49 senales, evaluando 720 exits...
  Candidato 16/20: 17 senales, evaluando 720 exits...
  Candidato 17/20: 36 senales, evaluando 720 exits...
  Candidato 18/20: 18 senales, evaluando 720 exits...
  Candidato 19/20: 15 senales, evaluando 720 exits...
  Candidato 20/20: 29 senales, evaluando 720 exits...

  Fase 2 completada: 14,400 rows en 38s (0.6m)

  Top 10 exits por candidato:
    C 1: trail=2.5, target=2.0, early=3, be_R=1.5, sl=0.03 -> 32T WR=41% CR=+103.84%
    C 2: trail=2.5, target=2.0, early=3, be_R=0.5, sl=0.03 -> 29T WR=45% CR=+99.03%
    C 3: trail=2.5, target=None, early=None, be_R=1.0, sl=0.07 -> 12T WR=75% CR=+77.52%
    C 4: trail=2.5, target=2.0, early=3, be_R=0.5, sl=0.03 -> 29T WR=45% CR=+85.27%
    C 5: trail=2.5, target=None, early=None, be_R=1.0, sl=0.07 -> 12T WR=75% CR=+73.67%
    C 6: trail=2.5, target=2.0, early=3, be_R=1.5, sl=0.03 -> 28T WR=43% CR=+94.79%
    C 7: trail=2.5, target=None, early=None, be_R=1.0, sl=0.07 -> 11T WR=73% CR=+69.94%
    C 8: trail=2.5, target=None, early=None, be_R=1.0, sl=0.07 -> 11T WR=73% CR=+70.59%
    C 9: trail=2.5, target=2.0, early=3, be_R=0.5, sl=0.03 -> 24T WR=46% CR=+78.25%
    C10: trail=1.0, target=3.0, early=None, be_R=0.5, sl=0.03 -> 25T WR=60% CR=+81.79%
    C11: trail=2.5, target=3.0, early=None, be_R=1.0, sl=0.05 -> 4T WR=100% CR=+28.74%
    C12: trail=2.5, target=3.0, early=None, be_R=1.0, sl=0.05 -> 4T WR=100% CR=+28.74%
    C13: trail=2.5, target=3.0, early=None, be_R=1.0, sl=0.05 -> 4T WR=100% CR=+28.74%
    C14: trail=2.5, target=2.0, early=None, be_R=0.5, sl=0.07 -> 4T WR=100% CR=+26.03%
    C15: trail=2.5, target=3.0, early=None, be_R=1.0, sl=0.05 -> 3T WR=100% CR=+23.30%
    C16: trail=2.5, target=3.0, early=None, be_R=1.0, sl=0.05 -> 3T WR=100% CR=+23.30%
    C17: trail=2.5, target=3.0, early=None, be_R=1.0, sl=0.05 -> 3T WR=100% CR=+23.30%
    C18: trail=2.5, target=None, early=None, be_R=0.5, sl=0.07 -> 4T WR=100% CR=+14.35%
    C19: trail=2.5, target=2.0, early=None, be_R=0.5, sl=0.07 -> 3T WR=100% CR=+17.46%
    C20: trail=2.5, target=2.0, early=None, be_R=0.5, sl=0.07 -> 3T WR=100% CR=+17.46%

======================================================================
  RANKING FINAL — GOOGL TRAIN
======================================================================

  Top 10 combos por composite (50% CR + 30% WR + 20% avg_R):

    #   Comp    T     WR         CR    avgR  trail target early be_R    sl        vf TT VC
  ───────────────────────────────────────────────────────────────────────────────────────────────
    1  0.600   12  75%    +77.52%  +0.96    2.5   None  None  1.0  0.07   w3_t1.2  N  N
    2  0.574   12  75%    +73.67%  +0.93    2.5   None  None  1.0  0.07   w1_t1.2  N  N
    3  0.555   11  73%    +70.59%  +0.99    2.5   None  None  1.0  0.07   w3_t1.2  N  N
    4  0.551   11  73%    +69.94%  +0.99    2.5   None  None  1.0  0.07   w3_t1.2  N  N
    5  0.550    3  100%    +23.30%  +1.78    2.5    3.0  None  1.0  0.05   w5_t1.2  N  Y
    6  0.550    3  100%    +23.30%  +1.78    2.5    3.0  None  1.0  0.05   w3_t1.2  N  Y
    7  0.550    3  100%    +23.30%  +1.78    2.5    3.0  None  1.0  0.05   w1_t1.2  N  Y
    8  0.549   29  45%    +99.03%  +0.84    2.5    2.0     3  0.5  0.03  no_filter  N  N
    9  0.547   32  41%   +103.84%  +0.79    2.5    2.0     3  1.5  0.03  no_filter  N  N
   10  0.546    4  100%    +28.74%  +1.55    2.5    3.0  None  1.0  0.05   w3_t1.2  N  Y

──────────────────────────────────────────────────────────────────────
  DETALLE DE TRADES — Top 3 combos
──────────────────────────────────────────────────────────────────────

  #1 (composite=0.600): trail=2.5, target=None, vf=w3_t1.2, TT=N
     12T, WR=75%, CR=+77.52%, avgR=+0.96
     Salidas: stop_loss=3, time_exit=5, trailing_stop=4
      1: 2015-07-13 -> 2015-07-24 | trailing_stop   | PnL=+14.52% | R=+2.6R | MaxR=4.0R | Dur=11d
      2: 2015-07-27 -> 2015-08-21 | stop_loss       | PnL=-2.16% | R=-0.3R | MaxR=0.8R | Dur=25d
      3: 2015-08-24 -> 2015-09-17 | time_exit       | PnL=+8.67% | R=+1.2R | MaxR=1.2R | Dur=24d
      4: 2016-07-28 -> 2016-08-22 | time_exit       | PnL=+4.06% | R=+0.6R | MaxR=0.8R | Dur=25d
      5: 2017-03-17 -> 2017-03-21 | stop_loss       | PnL=-2.55% | R=-0.4R | MaxR=0.0R | Dur=4d
      6: 2017-04-24 -> 2017-06-09 | trailing_stop   | PnL=+10.38% | R=+1.8R | MaxR=2.5R | Dur=46d
      7: 2017-09-27 -> 2017-11-30 | trailing_stop   | PnL=+7.95% | R=+2.2R | MaxR=3.2R | Dur=64d
      8: 2017-12-01 -> 2018-02-02 | trailing_stop   | PnL=+9.18% | R=+2.2R | MaxR=3.9R | Dur=63d
      9: 2018-07-13 -> 2018-08-14 | time_exit       | PnL=+4.46% | R=+0.6R | MaxR=1.0R | Dur=32d
     10: 2019-03-12 -> 2019-03-27 | stop_loss       | PnL=-1.61% | R=-0.2R | MaxR=0.5R | Dur=15d
     11: 2019-10-17 -> 2019-11-29 | time_exit       | PnL=+4.09% | R=+0.6R | MaxR=1.0R | Dur=43d
     12: 2019-12-04 -> 2019-12-26 | time_exit       | PnL=+3.30% | R=+0.5R | MaxR=0.5R | Dur=22d

  #2 (composite=0.574): trail=2.5, target=None, vf=w1_t1.2, TT=N
     12T, WR=75%, CR=+73.67%, avgR=+0.93
     Salidas: stop_loss=3, time_exit=5, trailing_stop=4
      1: 2015-07-13 -> 2015-07-24 | trailing_stop   | PnL=+14.52% | R=+2.6R | MaxR=4.0R | Dur=11d
      2: 2015-07-27 -> 2015-08-21 | stop_loss       | PnL=-2.16% | R=-0.3R | MaxR=0.8R | Dur=25d
      3: 2015-08-24 -> 2015-09-17 | time_exit       | PnL=+8.67% | R=+1.2R | MaxR=1.2R | Dur=24d
      4: 2016-07-28 -> 2016-08-22 | time_exit       | PnL=+4.06% | R=+0.6R | MaxR=0.8R | Dur=25d
      5: 2017-03-17 -> 2017-03-21 | stop_loss       | PnL=-2.55% | R=-0.4R | MaxR=0.0R | Dur=4d
      6: 2017-04-24 -> 2017-06-09 | trailing_stop   | PnL=+10.38% | R=+1.8R | MaxR=2.5R | Dur=46d
      7: 2017-09-27 -> 2017-11-30 | trailing_stop   | PnL=+7.95% | R=+2.2R | MaxR=3.2R | Dur=64d
      8: 2017-12-01 -> 2018-02-02 | trailing_stop   | PnL=+9.18% | R=+2.2R | MaxR=3.9R | Dur=63d
      9: 2018-07-23 -> 2018-08-14 | time_exit       | PnL=+3.89% | R=+0.6R | MaxR=0.9R | Dur=22d
     10: 2019-03-12 -> 2019-03-27 | stop_loss       | PnL=-1.61% | R=-0.2R | MaxR=0.5R | Dur=15d
     11: 2019-10-28 -> 2019-11-18 | time_exit       | PnL=+2.39% | R=+0.3R | MaxR=0.5R | Dur=21d
     12: 2019-12-04 -> 2019-12-26 | time_exit       | PnL=+3.30% | R=+0.5R | MaxR=0.5R | Dur=22d

  #3 (composite=0.555): trail=2.5, target=None, vf=w3_t1.2, TT=N
     11T, WR=73%, CR=+70.59%, avgR=+0.99
     Salidas: stop_loss=3, time_exit=4, trailing_stop=4
      1: 2015-07-13 -> 2015-07-24 | trailing_stop   | PnL=+14.52% | R=+2.6R | MaxR=4.0R | Dur=11d
      2: 2015-07-27 -> 2015-08-21 | stop_loss       | PnL=-2.16% | R=-0.3R | MaxR=0.8R | Dur=25d
      3: 2015-08-24 -> 2015-09-17 | time_exit       | PnL=+8.67% | R=+1.2R | MaxR=1.2R | Dur=24d
      4: 2017-03-17 -> 2017-03-21 | stop_loss       | PnL=-2.55% | R=-0.4R | MaxR=0.0R | Dur=4d
      5: 2017-04-24 -> 2017-06-09 | trailing_stop   | PnL=+10.38% | R=+1.8R | MaxR=2.5R | Dur=46d
      6: 2017-09-27 -> 2017-11-30 | trailing_stop   | PnL=+7.95% | R=+2.2R | MaxR=3.2R | Dur=64d
      7: 2017-12-01 -> 2018-02-02 | trailing_stop   | PnL=+9.18% | R=+2.2R | MaxR=3.9R | Dur=63d
      8: 2018-07-13 -> 2018-08-14 | time_exit       | PnL=+4.46% | R=+0.6R | MaxR=1.0R | Dur=32d
      9: 2019-03-12 -> 2019-03-27 | stop_loss       | PnL=-1.61% | R=-0.2R | MaxR=0.5R | Dur=15d
     10: 2019-10-17 -> 2019-11-29 | time_exit       | PnL=+4.09% | R=+0.6R | MaxR=1.0R | Dur=43d
     11: 2019-12-04 -> 2019-12-26 | time_exit       | PnL=+3.30% | R=+0.5R | MaxR=0.5R | Dur=22d

  Guardado: /home/gdelarosa/proyectos/deteccion-vcp/experiments/stocks_deep_per_ticker_v2/results/googl_phase1_detection.csv
  Guardado: /home/gdelarosa/proyectos/deteccion-vcp/experiments/stocks_deep_per_ticker_v2/results/googl_phase2_exit.csv

  Tiempo total GOOGL: 2854s (47.6m)

######################################################################
  GOOGL — COMPLETO
######################################################################

Todo completo!
