Deep Per-Ticker VCP Optimization v2
  Tickers: MSFT
  Train cutoff: 2020-01-01
  Top N: 10
  Min trades: 3

######################################################################
  MSFT — Deep Per-Ticker Optimization v2
######################################################################
  Pipeline runs:  17,496
  Detection rows: 244,944 (x7 vol x2 TT)
  Evaluations:    734,832 (x3 exit profiles)
  Exit grid:      720 configs

Cargando MSFT...
  Total: 2,832 barras (2015-01-02 a 2026-04-08)
  TRAIN: 1,258 barras (2015-01-02 a 2019-12-31)
  TEST:  1,574 barras (2020-01-02 a 2026-04-08)

Precomputando trend template...
  660/1258 dias en Stage 2 (0.01s)

Precomputando caches de swings (6 combos)...
  atr=2.0, close_only=False: 154 sw, 76 contr
  atr=2.0, close_only=True: 73 sw, 36 contr
  atr=3.0, close_only=False: 59 sw, 29 contr
  atr=3.0, close_only=True: 33 sw, 16 contr
  atr=4.0, close_only=False: 33 sw, 16 contr
  atr=4.0, close_only=True: 25 sw, 12 contr
  Caches en 0.15s

======================================================================
  FASE 1: DETECCION — MSFT TRAIN
  17,496 pipeline runs -> 244,944 rows (734,832 evals)
======================================================================
  4% (700/17,496) | 160s | 4.4 pipe/s | ETA 3831s (63.8m)
  9% (1,575/17,496) | 373s | 4.2 pipe/s | ETA 3772s (62.9m)
  14% (2,450/17,496) | 571s | 4.3 pipe/s | ETA 3504s (58.4m)
  19% (3,325/17,496) | 757s | 4.4 pipe/s | ETA 3227s (53.8m)
  24% (4,200/17,496) | 876s | 4.8 pipe/s | ETA 2774s (46.2m)
  29% (5,074/17,496) | 959s | 5.3 pipe/s | ETA 2347s (39.1m)
  34% (5,949/17,496) | 1107s | 5.4 pipe/s | ETA 2148s (35.8m)
  39% (6,824/17,496) | 1215s | 5.6 pipe/s | ETA 1899s (31.7m)
  44% (7,699/17,496) | 1286s | 6.0 pipe/s | ETA 1637s (27.3m)
  49% (8,574/17,496) | 1353s | 6.3 pipe/s | ETA 1408s (23.5m)
  54% (9,448/17,496) | 1426s | 6.6 pipe/s | ETA 1215s (20.2m)
  59% (10,323/17,496) | 1473s | 7.0 pipe/s | ETA 1024s (17.1m)
  64% (11,198/17,496) | 1501s | 7.5 pipe/s | ETA 844s (14.1m)
  69% (12,073/17,496) | 1548s | 7.8 pipe/s | ETA 695s (11.6m)
  74% (12,948/17,496) | 1590s | 8.1 pipe/s | ETA 559s (9.3m)
  79% (13,822/17,496) | 1611s | 8.6 pipe/s | ETA 428s (7.1m)
  84% (14,697/17,496) | 1641s | 9.0 pipe/s | ETA 313s (5.2m)
  89% (15,572/17,496) | 1659s | 9.4 pipe/s | ETA 205s (3.4m)
  94% (16,447/17,496) | 1678s | 9.8 pipe/s | ETA 107s (1.8m)
  99% (17,322/17,496) | 1695s | 10.2 pipe/s | ETA 17s (0.3m)

  Fase 1 completada: 244,944 rows en 1701s (28.3m)
  Con senales: 116,550/244,944
  Con trades:  116,550/244,944

──────────────────────────────────────────────────────────────────────
  ANALISIS DE SENSIBILIDAD (promedios across 3 exit profiles)
──────────────────────────────────────────────────────────────────────

  --- atr_mult ---
           2.0: avg_sig=  15.5, avg_T=  2.8, avg_CR=+0.0107, avg_WR=0.500, best_CR=+0.3396, con_T=65034/81648
           3.0: avg_sig=   5.7, avg_T=  1.1, avg_CR=+0.0102, avg_WR=0.381, best_CR=+0.1090, con_T=41310/81648
           4.0: avg_sig=   1.3, avg_T=  0.2, avg_CR=+0.0038, avg_WR=0.093, best_CR=+0.0758, con_T=10206/81648

  --- max_depth_atr ---
          None: avg_sig=   9.3, avg_T=  1.7, avg_CR=+0.0121, avg_WR=0.358, best_CR=+0.3396, con_T=45612/81648
             6: avg_sig=   5.5, avg_T=  1.0, avg_CR=+0.0003, avg_WR=0.237, best_CR=+0.1212, con_T=28242/81648
             8: avg_sig=   7.8, avg_T=  1.4, avg_CR=+0.0123, avg_WR=0.380, best_CR=+0.3396, con_T=42696/81648

  --- reduction ---
           0.4: avg_sig=   2.9, avg_T=  0.6, avg_CR=-0.0015, avg_WR=0.147, best_CR=+0.1521, con_T=23328/81648
           0.6: avg_sig=   9.6, avg_T=  1.7, avg_CR=+0.0140, avg_WR=0.415, best_CR=+0.3396, con_T=46233/81648
           0.8: avg_sig=  10.1, avg_T=  1.8, avg_CR=+0.0123, avg_WR=0.412, best_CR=+0.3396, con_T=46989/81648

  --- lookback_bars ---
            63: avg_sig=   4.1, avg_T=  0.8, avg_CR=+0.0030, avg_WR=0.281, best_CR=+0.2135, con_T=43362/122472
           126: avg_sig=  11.0, avg_T=  1.9, avg_CR=+0.0135, avg_WR=0.369, best_CR=+0.3396, con_T=73188/122472

  --- comp_thresh ---
          0.85: avg_sig=   6.6, avg_T=  1.2, avg_CR=+0.0066, avg_WR=0.288, best_CR=+0.3396, con_T=35046/81648
           0.9: avg_sig=   7.8, avg_T=  1.4, avg_CR=+0.0088, avg_WR=0.338, best_CR=+0.3396, con_T=40590/81648
          0.95: avg_sig=   8.2, avg_T=  1.5, avg_CR=+0.0093, avg_WR=0.349, best_CR=+0.3396, con_T=40914/81648

  --- tolerance ---
           0.1: avg_sig=   7.2, avg_T=  1.3, avg_CR=+0.0090, avg_WR=0.333, best_CR=+0.2934, con_T=38430/81648
          0.15: avg_sig=   7.7, avg_T=  1.4, avg_CR=+0.0079, avg_WR=0.321, best_CR=+0.3396, con_T=39060/81648
           0.2: avg_sig=   7.7, avg_T=  1.4, avg_CR=+0.0079, avg_WR=0.321, best_CR=+0.3396, con_T=39060/81648

  --- max_depth_pct ---
          0.25: avg_sig=   7.5, avg_T=  1.4, avg_CR=+0.0082, avg_WR=0.325, best_CR=+0.3396, con_T=38850/81648
           0.3: avg_sig=   7.5, avg_T=  1.4, avg_CR=+0.0082, avg_WR=0.325, best_CR=+0.3396, con_T=38850/81648
          0.35: avg_sig=   7.5, avg_T=  1.4, avg_CR=+0.0082, avg_WR=0.325, best_CR=+0.3396, con_T=38850/81648

  --- asc_lows_tol ---
          0.01: avg_sig=   6.9, avg_T=  1.3, avg_CR=+0.0040, avg_WR=0.318, best_CR=+0.1212, con_T=38130/81648
          0.03: avg_sig=   7.8, avg_T=  1.4, avg_CR=+0.0106, avg_WR=0.329, best_CR=+0.3396, con_T=39210/81648
          0.08: avg_sig=   7.8, avg_T=  1.4, avg_CR=+0.0101, avg_WR=0.328, best_CR=+0.3340, con_T=39210/81648

  --- use_close_only ---
         False: avg_sig=  10.1, avg_T=  1.9, avg_CR=+0.0093, avg_WR=0.465, best_CR=+0.3396, con_T=78570/122472
          True: avg_sig=   4.9, avg_T=  0.8, avg_CR=+0.0072, avg_WR=0.185, best_CR=+0.2432, con_T=37980/122472

  --- trend_template ---
         False: avg_sig=   9.8, avg_T=  1.7, avg_CR=+0.0139, avg_WR=0.333, best_CR=+0.3396, con_T=62370/122472
          True: avg_sig=   5.2, avg_T=  1.0, avg_CR=+0.0026, avg_WR=0.316, best_CR=+0.1181, con_T=54180/122472

  --- vol_contraction ---
         False: avg_sig=   8.3, avg_T=  1.5, avg_CR=+0.0070, avg_WR=0.334, best_CR=+0.2843, con_T=60354/122472
          True: avg_sig=   6.8, avg_T=  1.2, avg_CR=+0.0095, avg_WR=0.316, best_CR=+0.3396, con_T=56196/122472

  --- vol_filter ---
     no_filter: avg_sig=  20.4, avg_T=  2.0, avg_CR=+0.0213, avg_WR=0.309, best_CR=+0.3396, con_T=17316/34992
       w1_t1.2: avg_sig=   4.2, avg_T=  1.4, avg_CR=+0.0102, avg_WR=0.349, best_CR=+0.1747, con_T=16794/34992
       w1_t1.5: avg_sig=   1.5, avg_T=  0.9, avg_CR=+0.0007, avg_WR=0.285, best_CR=+0.0524, con_T=15336/34992
       w3_t1.2: avg_sig=   7.4, avg_T=  1.4, avg_CR=+0.0121, avg_WR=0.348, best_CR=+0.1880, con_T=16794/34992
       w3_t1.5: avg_sig=   3.7, avg_T=  1.0, avg_CR=+0.0016, avg_WR=0.314, best_CR=+0.0524, con_T=16632/34992
       w5_t1.2: avg_sig=   9.7, avg_T=  1.7, avg_CR=+0.0069, avg_WR=0.332, best_CR=+0.1996, con_T=17046/34992
       w5_t1.5: avg_sig=   5.8, avg_T=  1.2, avg_CR=+0.0048, avg_WR=0.337, best_CR=+0.0844, con_T=16632/34992

──────────────────────────────────────────────────────────────────────
  ESTABILIDAD: CR por exit profile
──────────────────────────────────────────────────────────────────────

  Correlacion entre CRs de los 3 perfiles (configs con trades):
    tight-medium:  0.822
    tight-loose:   0.752
    medium-loose:  0.876

  Promedio CR por perfil:
      CR_tight: mean=+0.0088, best=+0.3662
     CR_medium: mean=+0.0168, best=+0.3104
      CR_loose: mean=+0.0263, best=+0.3656

──────────────────────────────────────────────────────────────────────
  TOP 30 por avg_CR
──────────────────────────────────────────────────────────────────────
   1. atr=2.0 HL mda=   8 red=0.80 lb=126 comp=0.85    VC vf=no_filter -> 102sen T=7.3 WR=78% CR=+33.96%
   2. atr=2.0 HL mda=None red=0.80 lb=126 comp=0.85    VC vf=no_filter -> 102sen T=7.3 WR=78% CR=+33.96%
   3. atr=2.0 HL mda=None red=0.80 lb=126 comp=0.90    VC vf=no_filter -> 102sen T=7.3 WR=78% CR=+33.96%
   4. atr=2.0 HL mda=None red=0.60 lb=126 comp=0.85    VC vf=no_filter -> 102sen T=7.3 WR=78% CR=+33.96%
   5. atr=2.0 HL mda=None red=0.60 lb=126 comp=0.90    VC vf=no_filter -> 102sen T=7.3 WR=78% CR=+33.96%
   6. atr=2.0 HL mda=   8 red=0.60 lb=126 comp=0.85    VC vf=no_filter -> 102sen T=7.3 WR=78% CR=+33.96%
   7. atr=2.0 HL mda=None red=0.80 lb=126 comp=0.95    VC vf=no_filter -> 102sen T=7.3 WR=78% CR=+33.96%
   8. atr=2.0 HL mda=   8 red=0.80 lb=126 comp=0.95    VC vf=no_filter -> 102sen T=7.3 WR=78% CR=+33.96%
   9. atr=2.0 HL mda=   8 red=0.60 lb=126 comp=0.95    VC vf=no_filter -> 102sen T=7.3 WR=78% CR=+33.96%
  10. atr=2.0 HL mda=None red=0.60 lb=126 comp=0.95    VC vf=no_filter -> 102sen T=7.3 WR=78% CR=+33.96%
  11. atr=2.0 HL mda=   8 red=0.60 lb=126 comp=0.95    VC vf=no_filter -> 102sen T=7.3 WR=78% CR=+33.96%
  12. atr=2.0 HL mda=None red=0.60 lb=126 comp=0.85    VC vf=no_filter -> 102sen T=7.3 WR=78% CR=+33.96%
  13. atr=2.0 HL mda=None red=0.80 lb=126 comp=0.95    VC vf=no_filter -> 102sen T=7.3 WR=78% CR=+33.96%
  14. atr=2.0 HL mda=None red=0.60 lb=126 comp=0.95    VC vf=no_filter -> 102sen T=7.3 WR=78% CR=+33.96%
  15. atr=2.0 HL mda=   8 red=0.60 lb=126 comp=0.90    VC vf=no_filter -> 102sen T=7.3 WR=78% CR=+33.96%
  16. atr=2.0 HL mda=   8 red=0.60 lb=126 comp=0.85    VC vf=no_filter -> 102sen T=7.3 WR=78% CR=+33.96%
  17. atr=2.0 HL mda=None red=0.80 lb=126 comp=0.85    VC vf=no_filter -> 102sen T=7.3 WR=78% CR=+33.96%
  18. atr=2.0 HL mda=   8 red=0.60 lb=126 comp=0.95    VC vf=no_filter -> 102sen T=7.3 WR=78% CR=+33.96%
  19. atr=2.0 HL mda=   8 red=0.60 lb=126 comp=0.85    VC vf=no_filter -> 102sen T=7.3 WR=78% CR=+33.96%
  20. atr=2.0 HL mda=   8 red=0.60 lb=126 comp=0.90    VC vf=no_filter -> 102sen T=7.3 WR=78% CR=+33.96%
  21. atr=2.0 HL mda=None red=0.60 lb=126 comp=0.85    VC vf=no_filter -> 102sen T=7.3 WR=78% CR=+33.96%
  22. atr=2.0 HL mda=None red=0.60 lb=126 comp=0.90    VC vf=no_filter -> 102sen T=7.3 WR=78% CR=+33.96%
  23. atr=2.0 HL mda=   8 red=0.80 lb=126 comp=0.85    VC vf=no_filter -> 102sen T=7.3 WR=78% CR=+33.96%
  24. atr=2.0 HL mda=   8 red=0.80 lb=126 comp=0.90    VC vf=no_filter -> 102sen T=7.3 WR=78% CR=+33.96%
  25. atr=2.0 HL mda=None red=0.80 lb=126 comp=0.95    VC vf=no_filter -> 102sen T=7.3 WR=78% CR=+33.96%
  26. atr=2.0 HL mda=None red=0.80 lb=126 comp=0.85    VC vf=no_filter -> 102sen T=7.3 WR=78% CR=+33.96%
  27. atr=2.0 HL mda=None red=0.80 lb=126 comp=0.90    VC vf=no_filter -> 102sen T=7.3 WR=78% CR=+33.96%
  28. atr=2.0 HL mda=None red=0.60 lb=126 comp=0.95    VC vf=no_filter -> 102sen T=7.3 WR=78% CR=+33.96%
  29. atr=2.0 HL mda=   8 red=0.80 lb=126 comp=0.85    VC vf=no_filter -> 102sen T=7.3 WR=78% CR=+33.96%
  30. atr=2.0 HL mda=   8 red=0.60 lb=126 comp=0.85    VC vf=no_filter -> 102sen T=7.3 WR=78% CR=+33.96%

──────────────────────────────────────────────────────────────────────
  TOP 30 por avg_WR (min 3 trades)
──────────────────────────────────────────────────────────────────────
   1. atr=2.0 HL mda=None red=0.60 lb=126 comp=0.85       vf=w1_t1.2  ->  22sen T=4.3 WR=100% CR=+16.75%
   2. atr=2.0 HL mda=None red=0.60 lb=126 comp=0.85    VC vf=w1_t1.2  ->  22sen T=4.3 WR=100% CR=+16.75%
   3. atr=2.0 HL mda=None red=0.60 lb=126 comp=0.90       vf=w1_t1.2  ->  22sen T=4.3 WR=100% CR=+16.75%
   4. atr=2.0 HL mda=None red=0.60 lb=126 comp=0.90    VC vf=w1_t1.2  ->  22sen T=4.3 WR=100% CR=+16.75%
   5. atr=2.0 HL mda=None red=0.60 lb=126 comp=0.95       vf=w1_t1.2  ->  22sen T=4.3 WR=100% CR=+16.75%
   6. atr=2.0 HL mda=None red=0.60 lb=126 comp=0.95    VC vf=w1_t1.2  ->  22sen T=4.3 WR=100% CR=+16.75%
   7. atr=2.0 HL mda=None red=0.60 lb=126 comp=0.85       vf=w1_t1.2  ->  22sen T=4.3 WR=100% CR=+16.75%
   8. atr=2.0 HL mda=None red=0.60 lb=126 comp=0.85    VC vf=w1_t1.2  ->  22sen T=4.3 WR=100% CR=+16.75%
   9. atr=2.0 HL mda=None red=0.60 lb=126 comp=0.90       vf=w1_t1.2  ->  22sen T=4.3 WR=100% CR=+16.75%
  10. atr=2.0 HL mda=None red=0.60 lb=126 comp=0.90    VC vf=w1_t1.2  ->  22sen T=4.3 WR=100% CR=+16.75%
  11. atr=2.0 HL mda=None red=0.60 lb=126 comp=0.95       vf=w1_t1.2  ->  22sen T=4.3 WR=100% CR=+16.75%
  12. atr=2.0 HL mda=None red=0.60 lb=126 comp=0.95    VC vf=w1_t1.2  ->  22sen T=4.3 WR=100% CR=+16.75%
  13. atr=2.0 HL mda=None red=0.60 lb=126 comp=0.85       vf=w1_t1.2  ->  22sen T=4.3 WR=100% CR=+16.75%
  14. atr=2.0 HL mda=None red=0.60 lb=126 comp=0.85    VC vf=w1_t1.2  ->  22sen T=4.3 WR=100% CR=+16.75%
  15. atr=2.0 HL mda=None red=0.60 lb=126 comp=0.90       vf=w1_t1.2  ->  22sen T=4.3 WR=100% CR=+16.75%
  16. atr=2.0 HL mda=None red=0.60 lb=126 comp=0.90    VC vf=w1_t1.2  ->  22sen T=4.3 WR=100% CR=+16.75%
  17. atr=2.0 HL mda=None red=0.60 lb=126 comp=0.95       vf=w1_t1.2  ->  22sen T=4.3 WR=100% CR=+16.75%
  18. atr=2.0 HL mda=None red=0.60 lb=126 comp=0.95    VC vf=w1_t1.2  ->  22sen T=4.3 WR=100% CR=+16.75%
  19. atr=2.0 HL mda=None red=0.60 lb=126 comp=0.85       vf=w1_t1.2  ->  22sen T=4.3 WR=100% CR=+16.75%
  20. atr=2.0 HL mda=None red=0.60 lb=126 comp=0.85    VC vf=w1_t1.2  ->  22sen T=4.3 WR=100% CR=+16.75%
  21. atr=2.0 HL mda=None red=0.60 lb=126 comp=0.90       vf=w1_t1.2  ->  22sen T=4.3 WR=100% CR=+16.75%
  22. atr=2.0 HL mda=None red=0.60 lb=126 comp=0.90    VC vf=w1_t1.2  ->  22sen T=4.3 WR=100% CR=+16.75%
  23. atr=2.0 HL mda=None red=0.60 lb=126 comp=0.95       vf=w1_t1.2  ->  22sen T=4.3 WR=100% CR=+16.75%
  24. atr=2.0 HL mda=None red=0.60 lb=126 comp=0.95    VC vf=w1_t1.2  ->  22sen T=4.3 WR=100% CR=+16.75%
  25. atr=2.0 HL mda=None red=0.60 lb=126 comp=0.85       vf=w1_t1.2  ->  22sen T=4.3 WR=100% CR=+16.75%
  26. atr=2.0 HL mda=None red=0.60 lb=126 comp=0.85    VC vf=w1_t1.2  ->  22sen T=4.3 WR=100% CR=+16.75%
  27. atr=2.0 HL mda=None red=0.60 lb=126 comp=0.90       vf=w1_t1.2  ->  22sen T=4.3 WR=100% CR=+16.75%
  28. atr=2.0 HL mda=None red=0.60 lb=126 comp=0.90    VC vf=w1_t1.2  ->  22sen T=4.3 WR=100% CR=+16.75%
  29. atr=2.0 HL mda=None red=0.60 lb=126 comp=0.95       vf=w1_t1.2  ->  22sen T=4.3 WR=100% CR=+16.75%
  30. atr=2.0 HL mda=None red=0.60 lb=126 comp=0.95    VC vf=w1_t1.2  ->  22sen T=4.3 WR=100% CR=+16.75%

======================================================================
  SELECCION DE CANDIDATOS
  Eligible: 50,139/244,944 (min 3 trades promedio)
  Dedup por resultados: 455 configs unicas
======================================================================
  Top 10 por avg_CR + Top 10 por avg_WR = 20 candidatos unicos
   1. [CR] atr=2.0 mda=None red=0.60 lb=126 TT=N VC=Y vf=no_filter -> T=7.3 WR=78% CR=+33.96%
   2. [CR] atr=2.0 mda=None red=0.60 lb=126 TT=N VC=Y vf=no_filter -> T=8.3 WR=77% CR=+33.40%
   3. [CR] atr=2.0 mda=None red=0.60 lb=126 TT=N VC=Y vf=no_filter -> T=6.0 WR=77% CR=+29.34%
   4. [CR] atr=2.0 mda=None red=0.60 lb=126 TT=N VC=N vf=no_filter -> T=8.3 WR=68% CR=+28.43%
   5. [CR] atr=2.0 mda=None red=0.60 lb=126 TT=N VC=N vf=no_filter -> T=9.3 WR=68% CR=+27.87%
   6. [CR] atr=2.0 mda=None red=0.80 lb=126 TT=N VC=Y vf=no_filter -> T=7.0 WR=66% CR=+26.33%
   7. [CR] atr=2.0 mda=None red=0.80 lb=126 TT=N VC=N vf=no_filter -> T=14.0 WR=58% CR=+24.32%
   8. [CR] atr=2.0 mda=None red=0.80 lb=126 TT=N VC=N vf=no_filter -> T=15.0 WR=54% CR=+24.19%
   9. [CR] atr=2.0 mda=None red=0.60 lb=126 TT=N VC=N vf=no_filter -> T=7.0 WR=66% CR=+23.98%
  10. [CR] atr=2.0 mda=None red=0.60 lb=126 TT=N VC=Y vf=no_filter -> T=11.3 WR=53% CR=+22.32%
  11. [WR] atr=2.0 mda=None red=0.60 lb=126 TT=N VC=N vf=w1_t1.2  -> T=4.3 WR=100% CR=+16.75%
  12. [WR] atr=2.0 mda=None red=0.60 lb=63 TT=N VC=N vf=w1_t1.5  -> T=3.0 WR=100% CR=+5.24%
  13. [WR] atr=2.0 mda=None red=0.60 lb=63 TT=N VC=N vf=w3_t1.5  -> T=3.0 WR=100% CR=+5.24%
  14. [WR] atr=2.0 mda=None red=0.60 lb=63 TT=N VC=Y vf=w5_t1.5  -> T=3.0 WR=100% CR=+5.24%
  15. [WR] atr=2.0 mda=None red=0.60 lb=126 TT=N VC=Y vf=w5_t1.5  -> T=3.0 WR=100% CR=+5.24%
  16. [WR] atr=2.0 mda=None red=0.60 lb=126 TT=N VC=Y vf=w5_t1.2  -> T=5.0 WR=93% CR=+19.21%
  17. [WR] atr=2.0 mda=None red=0.60 lb=126 TT=N VC=N vf=w3_t1.2  -> T=4.7 WR=93% CR=+18.08%
  18. [WR] atr=2.0 mda=None red=0.60 lb=126 TT=N VC=N vf=w1_t1.2  -> T=5.3 WR=93% CR=+17.47%
  19. [WR] atr=2.0 mda=None red=0.60 lb=126 TT=Y VC=Y vf=w5_t1.2  -> T=3.3 WR=92% CR=+5.48%
  20. [WR] atr=2.0 mda=None red=0.60 lb=63 TT=N VC=N vf=w1_t1.5  -> T=4.0 WR=92% CR=+4.96%

======================================================================
  FASE 2: SALIDA — MSFT TRAIN (720 configs x 20 candidatos)
======================================================================
  Candidato 1/20: 102 senales, evaluando 720 exits...
  Candidato 2/20: 104 senales, evaluando 720 exits...
  Candidato 3/20: 89 senales, evaluando 720 exits...
  Candidato 4/20: 107 senales, evaluando 720 exits...
  Candidato 5/20: 109 senales, evaluando 720 exits...
  Candidato 6/20: 94 senales, evaluando 720 exits...
  Candidato 7/20: 169 senales, evaluando 720 exits...
  Candidato 8/20: 178 senales, evaluando 720 exits...
  Candidato 9/20: 94 senales, evaluando 720 exits...
  Candidato 10/20: 136 senales, evaluando 720 exits...
  Candidato 11/20: 22 senales, evaluando 720 exits...
  Candidato 12/20: 5 senales, evaluando 720 exits...
  Candidato 13/20: 13 senales, evaluando 720 exits...
  Candidato 14/20: 19 senales, evaluando 720 exits...
  Candidato 15/20: 20 senales, evaluando 720 exits...
  Candidato 16/20: 45 senales, evaluando 720 exits...
  Candidato 17/20: 37 senales, evaluando 720 exits...
  Candidato 18/20: 24 senales, evaluando 720 exits...
  Candidato 19/20: 27 senales, evaluando 720 exits...
  Candidato 20/20: 6 senales, evaluando 720 exits...

  Fase 2 completada: 14,400 rows en 24s (0.4m)

  Top 10 exits por candidato:
    C 1: trail=1.5, target=3.0, early=None, be_R=0.5, sl=0.03 -> 10T WR=60% CR=+42.65%
    C 2: trail=3.0, target=2.0, early=None, be_R=0.5, sl=0.05 -> 10T WR=60% CR=+39.57%
    C 3: trail=3.0, target=2.0, early=None, be_R=0.5, sl=0.05 -> 8T WR=62% CR=+45.70%
    C 4: trail=1.5, target=3.0, early=None, be_R=0.5, sl=0.03 -> 11T WR=55% CR=+38.14%
    C 5: trail=2.5, target=None, early=None, be_R=0.5, sl=0.05 -> 9T WR=78% CR=+34.26%
    C 6: trail=3.0, target=2.0, early=None, be_R=0.5, sl=0.05 -> 9T WR=67% CR=+48.17%
    C 7: trail=3.0, target=2.0, early=None, be_R=1.0, sl=0.05 -> 13T WR=54% CR=+32.74%
    C 8: trail=3.0, target=2.0, early=None, be_R=1.0, sl=0.05 -> 14T WR=50% CR=+32.60%
    C 9: trail=1.5, target=3.0, early=None, be_R=0.5, sl=0.03 -> 9T WR=67% CR=+41.08%
    C10: trail=1.5, target=2.0, early=None, be_R=0.5, sl=0.07 -> 14T WR=57% CR=+31.69%
    C11: trail=3.0, target=None, early=None, be_R=1.0, sl=0.07 -> 4T WR=100% CR=+20.54%
    C12: trail=3.0, target=None, early=None, be_R=1.0, sl=0.03 -> 3T WR=100% CR=+7.22%
    C13: trail=3.0, target=None, early=None, be_R=1.0, sl=0.03 -> 3T WR=100% CR=+7.22%
    C14: trail=3.0, target=None, early=None, be_R=1.0, sl=0.03 -> 3T WR=100% CR=+7.22%
    C15: trail=3.0, target=None, early=None, be_R=1.0, sl=0.03 -> 3T WR=100% CR=+7.22%
    C16: trail=1.0, target=2.0, early=None, be_R=0.5, sl=0.05 -> 9T WR=67% CR=+31.44%
    C17: trail=3.0, target=2.0, early=3, be_R=1.0, sl=0.07 -> 6T WR=67% CR=+24.72%
    C18: trail=1.0, target=None, early=None, be_R=0.5, sl=0.03 -> 7T WR=86% CR=+20.27%
    C19: trail=1.0, target=2.0, early=None, be_R=0.5, sl=0.05 -> 6T WR=50% CR=+13.67%
    C20: trail=3.0, target=None, early=None, be_R=1.0, sl=0.03 -> 4T WR=100% CR=+8.20%

======================================================================
  RANKING FINAL — MSFT TRAIN
======================================================================

  Top 10 combos por composite (50% CR + 30% WR + 20% avg_R):

    #   Comp    T     WR         CR    avgR  trail target early be_R    sl        vf TT VC
  ───────────────────────────────────────────────────────────────────────────────────────────────
    1  0.737    9  67%    +48.17%  +1.02    3.0    2.0  None  0.5  0.05  no_filter  N  Y
    2  0.713    9  67%    +41.08%  +1.34    1.5    3.0  None  0.5  0.03  no_filter  N  N
    3  0.697    8  62%    +45.70%  +1.10    3.0    2.0  None  0.5  0.05  no_filter  N  Y
    4  0.673   10  60%    +42.65%  +1.24    1.5    3.0  None  0.5  0.03  no_filter  N  Y
    5  0.592    4  100%    +20.54%  +0.98    3.0   None  None  1.0  0.07   w1_t1.2  N  N
    6  0.577    9  78%    +34.26%  +0.73    2.5   None  None  0.5  0.05  no_filter  N  N
    7  0.548   10  60%    +39.57%  +0.80    3.0    2.0  None  0.5  0.05  no_filter  N  Y
    8  0.544   11  55%    +38.14%  +1.04    1.5    3.0  None  0.5  0.03  no_filter  N  N
    9  0.497    7  86%    +20.27%  +0.95    1.0   None  None  0.5  0.03   w1_t1.2  N  N
   10  0.476    9  67%    +31.44%  +0.73    1.0    2.0  None  0.5  0.05   w5_t1.2  N  Y

──────────────────────────────────────────────────────────────────────
  DETALLE DE TRADES — Top 3 combos
──────────────────────────────────────────────────────────────────────

  #1 (composite=0.737): trail=3.0, target=2.0, vf=no_filter, TT=N
     9T, WR=67%, CR=+48.17%, avgR=+1.02
     Salidas: open=1, target=4, time_exit=3, trailing_stop=1
      1: 2015-04-23 -> 2015-04-24 | target          | PnL=+10.45% | R=+2.1R | MaxR=2.1R | Dur=1d
      2: 2015-04-27 -> 2015-05-18 | time_exit       | PnL=-0.04% | R=-0.0R | MaxR=0.5R | Dur=21d
      3: 2017-03-28 -> 2017-04-19 | time_exit       | PnL=-0.38% | R=-0.1R | MaxR=0.3R | Dur=22d
      4: 2017-04-20 -> 2017-05-01 | target          | PnL=+5.97% | R=+2.1R | MaxR=2.1R | Dur=11d
      5: 2017-05-02 -> 2017-05-23 | time_exit       | PnL=-0.89% | R=-0.2R | MaxR=0.0R | Dur=21d
      6: 2018-08-28 -> 2018-10-05 | trailing_stop   | PnL=+1.70% | R=+0.4R | MaxR=1.2R | Dur=38d
      7: 2019-02-15 -> 2019-03-21 | target          | PnL=+11.09% | R=+2.2R | MaxR=2.2R | Dur=34d
      8: 2019-03-22 -> 2019-04-25 | target          | PnL=+10.34% | R=+2.1R | MaxR=2.1R | Dur=34d
      9: 2019-12-12 -> 2019-12-31 | open            | PnL=+2.91% | R=+0.7R | MaxR=0.9R | Dur=19d

  #2 (composite=0.713): trail=1.5, target=3.0, vf=no_filter, TT=N
     9T, WR=67%, CR=+41.08%, avgR=+1.34
     Salidas: open=1, stop_loss=1, target=3, time_exit=1, trailing_stop=3
      1: 2015-04-23 -> 2015-04-24 | target          | PnL=+10.45% | R=+3.5R | MaxR=3.5R | Dur=1d
      2: 2015-04-27 -> 2015-05-05 | trailing_stop   | PnL=-0.90% | R=-0.3R | MaxR=0.8R | Dur=8d
      3: 2015-05-06 -> 2015-05-19 | trailing_stop   | PnL=+2.81% | R=+0.9R | MaxR=1.8R | Dur=13d
      4: 2017-03-28 -> 2017-04-19 | time_exit       | PnL=-0.38% | R=-0.1R | MaxR=0.3R | Dur=22d
      5: 2017-04-20 -> 2017-05-17 | trailing_stop   | PnL=+3.02% | R=+1.1R | MaxR=2.1R | Dur=27d
      6: 2019-02-15 -> 2019-03-21 | target          | PnL=+11.09% | R=+3.7R | MaxR=3.7R | Dur=34d
      7: 2019-03-22 -> 2019-04-25 | target          | PnL=+10.34% | R=+3.4R | MaxR=3.4R | Dur=34d
      8: 2019-07-24 -> 2019-07-31 | stop_loss       | PnL=-3.16% | R=-1.1R | MaxR=0.1R | Dur=7d
      9: 2019-12-12 -> 2019-12-31 | open            | PnL=+2.91% | R=+1.0R | MaxR=1.2R | Dur=19d

  #3 (composite=0.697): trail=3.0, target=2.0, vf=no_filter, TT=N
     8T, WR=62%, CR=+45.70%, avgR=+1.10
     Salidas: open=1, target=4, time_exit=3
      1: 2015-04-23 -> 2015-04-24 | target          | PnL=+10.45% | R=+2.1R | MaxR=2.1R | Dur=1d
      2: 2015-04-27 -> 2015-05-18 | time_exit       | PnL=-0.04% | R=-0.0R | MaxR=0.5R | Dur=21d
      3: 2017-03-28 -> 2017-04-19 | time_exit       | PnL=-0.38% | R=-0.1R | MaxR=0.3R | Dur=22d
      4: 2017-04-20 -> 2017-05-01 | target          | PnL=+5.97% | R=+2.1R | MaxR=2.1R | Dur=11d
      5: 2017-05-02 -> 2017-05-23 | time_exit       | PnL=-0.89% | R=-0.2R | MaxR=0.0R | Dur=21d
      6: 2019-02-15 -> 2019-03-21 | target          | PnL=+11.09% | R=+2.2R | MaxR=2.2R | Dur=34d
      7: 2019-03-22 -> 2019-04-25 | target          | PnL=+10.34% | R=+2.1R | MaxR=2.1R | Dur=34d
      8: 2019-12-12 -> 2019-12-31 | open            | PnL=+2.91% | R=+0.7R | MaxR=0.9R | Dur=19d

  Guardado: /home/gdelarosa/proyectos/deteccion-vcp/experiments/stocks_deep_per_ticker_v2/results/msft_phase1_detection.csv
  Guardado: /home/gdelarosa/proyectos/deteccion-vcp/experiments/stocks_deep_per_ticker_v2/results/msft_phase2_exit.csv

  Tiempo total MSFT: 1730s (28.8m)

######################################################################
  MSFT — COMPLETO
######################################################################

Todo completo!
