Deep Per-Ticker VCP Optimization v2
  Tickers: NVDA
  Train cutoff: 2020-01-01
  Top N: 10
  Min trades: 3

######################################################################
  NVDA — Deep Per-Ticker Optimization v2
######################################################################
  Pipeline runs:  17,496
  Detection rows: 244,944 (x7 vol x2 TT)
  Evaluations:    734,832 (x3 exit profiles)
  Exit grid:      720 configs

Cargando NVDA...
  Total: 2,832 barras (2015-01-02 a 2026-04-08)
  TRAIN: 1,258 barras (2015-01-02 a 2019-12-31)
  TEST:  1,574 barras (2020-01-02 a 2026-04-08)

Precomputando trend template...
  604/1258 dias en Stage 2 (0.01s)

Precomputando caches de swings (6 combos)...
  atr=2.0, close_only=False: 130 sw, 64 contr
  atr=2.0, close_only=True: 65 sw, 32 contr
  atr=3.0, close_only=False: 69 sw, 34 contr
  atr=3.0, close_only=True: 41 sw, 20 contr
  atr=4.0, close_only=False: 41 sw, 20 contr
  atr=4.0, close_only=True: 25 sw, 12 contr
  Caches en 0.13s

======================================================================
  FASE 1: DETECCION — NVDA TRAIN
  17,496 pipeline runs -> 244,944 rows (734,832 evals)
======================================================================
  4% (700/17,496) | 115s | 6.1 pipe/s | ETA 2763s (46.0m)
  9% (1,575/17,496) | 265s | 5.9 pipe/s | ETA 2677s (44.6m)
  14% (2,450/17,496) | 413s | 5.9 pipe/s | ETA 2536s (42.3m)
  19% (3,325/17,496) | 523s | 6.4 pipe/s | ETA 2229s (37.1m)
  24% (4,200/17,496) | 566s | 7.4 pipe/s | ETA 1791s (29.8m)
  29% (5,074/17,496) | 596s | 8.5 pipe/s | ETA 1458s (24.3m)
  34% (5,949/17,496) | 643s | 9.3 pipe/s | ETA 1248s (20.8m)
  39% (6,824/17,496) | 740s | 9.2 pipe/s | ETA 1158s (19.3m)
  44% (7,699/17,496) | 783s | 9.8 pipe/s | ETA 997s (16.6m)
  49% (8,574/17,496) | 842s | 10.2 pipe/s | ETA 877s (14.6m)
  54% (9,448/17,496) | 913s | 10.3 pipe/s | ETA 778s (13.0m)
  59% (10,323/17,496) | 948s | 10.9 pipe/s | ETA 659s (11.0m)
  64% (11,198/17,496) | 978s | 11.5 pipe/s | ETA 550s (9.2m)
  69% (12,073/17,496) | 1011s | 11.9 pipe/s | ETA 454s (7.6m)
  74% (12,948/17,496) | 1068s | 12.1 pipe/s | ETA 375s (6.2m)
  79% (13,822/17,496) | 1103s | 12.5 pipe/s | ETA 293s (4.9m)
  84% (14,697/17,496) | 1154s | 12.7 pipe/s | ETA 220s (3.7m)
  89% (15,572/17,496) | 1176s | 13.2 pipe/s | ETA 145s (2.4m)
  94% (16,447/17,496) | 1202s | 13.7 pipe/s | ETA 77s (1.3m)
  99% (17,322/17,496) | 1225s | 14.1 pipe/s | ETA 12s (0.2m)

  Fase 1 completada: 244,944 rows en 1229s (20.5m)
  Con senales: 77,922/244,944
  Con trades:  77,922/244,944

──────────────────────────────────────────────────────────────────────
  ANALISIS DE SENSIBILIDAD (promedios across 3 exit profiles)
──────────────────────────────────────────────────────────────────────

  --- atr_mult ---
           2.0: avg_sig=   8.5, avg_T=  1.6, avg_CR=+0.1412, avg_WR=0.485, best_CR=+0.6054, con_T=49896/81648
           3.0: avg_sig=   4.6, avg_T=  0.7, avg_CR=+0.0081, avg_WR=0.120, best_CR=+0.3267, con_T=20844/81648
           4.0: avg_sig=   1.2, avg_T=  0.2, avg_CR=-0.0036, avg_WR=0.027, best_CR=+0.0839, con_T=7182/81648

  --- max_depth_atr ---
          None: avg_sig=   5.5, avg_T=  0.9, avg_CR=+0.0539, avg_WR=0.240, best_CR=+0.6054, con_T=29538/81648
             6: avg_sig=   3.4, avg_T=  0.6, avg_CR=+0.0377, avg_WR=0.153, best_CR=+0.6054, con_T=18900/81648
             8: avg_sig=   5.4, avg_T=  0.9, avg_CR=+0.0541, avg_WR=0.240, best_CR=+0.6054, con_T=29484/81648

  --- reduction ---
           0.4: avg_sig=   1.5, avg_T=  0.3, avg_CR=+0.0289, avg_WR=0.121, best_CR=+0.2440, con_T=13644/81648
           0.6: avg_sig=   3.9, avg_T=  0.7, avg_CR=+0.0387, avg_WR=0.152, best_CR=+0.6054, con_T=22698/81648
           0.8: avg_sig=   8.9, avg_T=  1.4, avg_CR=+0.0781, avg_WR=0.360, best_CR=+0.5032, con_T=41580/81648

  --- lookback_bars ---
            63: avg_sig=   3.6, avg_T=  0.6, avg_CR=+0.0549, avg_WR=0.204, best_CR=+0.6054, con_T=31788/122472
           126: avg_sig=   5.9, avg_T=  1.0, avg_CR=+0.0422, avg_WR=0.218, best_CR=+0.6054, con_T=46134/122472

  --- comp_thresh ---
          0.85: avg_sig=   3.2, avg_T=  0.5, avg_CR=+0.0445, avg_WR=0.233, best_CR=+0.2836, con_T=23436/81648
           0.9: avg_sig=   5.0, avg_T=  0.9, avg_CR=+0.0515, avg_WR=0.194, best_CR=+0.4004, con_T=25767/81648
          0.95: avg_sig=   6.2, avg_T=  1.1, avg_CR=+0.0496, avg_WR=0.206, best_CR=+0.6054, con_T=28719/81648

  --- tolerance ---
           0.1: avg_sig=   4.8, avg_T=  0.8, avg_CR=+0.0485, avg_WR=0.211, best_CR=+0.6054, con_T=25974/81648
          0.15: avg_sig=   4.8, avg_T=  0.8, avg_CR=+0.0485, avg_WR=0.211, best_CR=+0.6054, con_T=25974/81648
           0.2: avg_sig=   4.8, avg_T=  0.8, avg_CR=+0.0485, avg_WR=0.211, best_CR=+0.6054, con_T=25974/81648

  --- max_depth_pct ---
          0.25: avg_sig=   4.7, avg_T=  0.8, avg_CR=+0.0478, avg_WR=0.210, best_CR=+0.5032, con_T=25956/81648
           0.3: avg_sig=   4.8, avg_T=  0.8, avg_CR=+0.0490, avg_WR=0.212, best_CR=+0.6054, con_T=25956/81648
          0.35: avg_sig=   4.8, avg_T=  0.8, avg_CR=+0.0489, avg_WR=0.211, best_CR=+0.6054, con_T=26010/81648

  --- asc_lows_tol ---
          0.01: avg_sig=   4.7, avg_T=  0.8, avg_CR=+0.0479, avg_WR=0.210, best_CR=+0.6054, con_T=25974/81648
          0.03: avg_sig=   4.8, avg_T=  0.8, avg_CR=+0.0488, avg_WR=0.212, best_CR=+0.5032, con_T=25974/81648
          0.08: avg_sig=   4.8, avg_T=  0.8, avg_CR=+0.0489, avg_WR=0.212, best_CR=+0.5032, con_T=25974/81648

  --- use_close_only ---
         False: avg_sig=   8.5, avg_T=  1.5, avg_CR=+0.0836, avg_WR=0.328, best_CR=+0.6054, con_T=64314/122472
          True: avg_sig=   1.0, avg_T=  0.2, avg_CR=+0.0135, avg_WR=0.094, best_CR=+0.2003, con_T=13608/122472

  --- trend_template ---
         False: avg_sig=   5.5, avg_T=  0.9, avg_CR=+0.0496, avg_WR=0.211, best_CR=+0.6054, con_T=39933/122472
          True: avg_sig=   4.1, avg_T=  0.7, avg_CR=+0.0474, avg_WR=0.211, best_CR=+0.3086, con_T=37989/122472

  --- vol_contraction ---
         False: avg_sig=   5.6, avg_T=  1.0, avg_CR=+0.0471, avg_WR=0.225, best_CR=+0.6054, con_T=43749/122472
          True: avg_sig=   4.0, avg_T=  0.7, avg_CR=+0.0500, avg_WR=0.197, best_CR=+0.4004, con_T=34173/122472

  --- vol_filter ---
     no_filter: avg_sig=   9.8, avg_T=  1.0, avg_CR=+0.0489, avg_WR=0.215, best_CR=+0.4486, con_T=11178/34992
       w1_t1.2: avg_sig=   3.2, avg_T=  0.8, avg_CR=+0.0484, avg_WR=0.211, best_CR=+0.5032, con_T=11124/34992
       w1_t1.5: avg_sig=   2.6, avg_T=  0.7, avg_CR=+0.0453, avg_WR=0.202, best_CR=+0.3018, con_T=11124/34992
       w3_t1.2: avg_sig=   4.6, avg_T=  0.9, avg_CR=+0.0529, avg_WR=0.220, best_CR=+0.5748, con_T=11124/34992
       w3_t1.5: avg_sig=   3.5, avg_T=  0.7, avg_CR=+0.0452, avg_WR=0.205, best_CR=+0.3018, con_T=11124/34992
       w5_t1.2: avg_sig=   5.7, avg_T=  0.9, avg_CR=+0.0536, avg_WR=0.218, best_CR=+0.6054, con_T=11124/34992
       w5_t1.5: avg_sig=   3.9, avg_T=  0.7, avg_CR=+0.0454, avg_WR=0.205, best_CR=+0.3018, con_T=11124/34992

──────────────────────────────────────────────────────────────────────
  ESTABILIDAD: CR por exit profile
──────────────────────────────────────────────────────────────────────

  Correlacion entre CRs de los 3 perfiles (configs con trades):
    tight-medium:  0.927
    tight-loose:   0.757
    medium-loose:  0.923

  Promedio CR por perfil:
      CR_tight: mean=+0.1779, best=+0.7085
     CR_medium: mean=+0.1593, best=+0.6102
      CR_loose: mean=+0.1206, best=+0.5500

──────────────────────────────────────────────────────────────────────
  TOP 30 por avg_CR
──────────────────────────────────────────────────────────────────────
   1. atr=2.0 HL mda=   6 red=0.60 lb=126 comp=0.95       vf=w5_t1.2  ->  38sen T=6.7 WR=69% CR=+60.54%
   2. atr=2.0 HL mda=   8 red=0.60 lb= 63 comp=0.95       vf=w5_t1.2  ->  38sen T=6.7 WR=69% CR=+60.54%
   3. atr=2.0 HL mda=None red=0.60 lb= 63 comp=0.95       vf=w5_t1.2  ->  38sen T=6.7 WR=69% CR=+60.54%
   4. atr=2.0 HL mda=None red=0.60 lb=126 comp=0.95       vf=w5_t1.2  ->  38sen T=6.7 WR=69% CR=+60.54%
   5. atr=2.0 HL mda=None red=0.60 lb=126 comp=0.95       vf=w5_t1.2  ->  38sen T=6.7 WR=69% CR=+60.54%
   6. atr=2.0 HL mda=   8 red=0.60 lb= 63 comp=0.95       vf=w5_t1.2  ->  38sen T=6.7 WR=69% CR=+60.54%
   7. atr=2.0 HL mda=   8 red=0.60 lb=126 comp=0.95       vf=w5_t1.2  ->  38sen T=6.7 WR=69% CR=+60.54%
   8. atr=2.0 HL mda=None red=0.60 lb= 63 comp=0.95       vf=w5_t1.2  ->  38sen T=6.7 WR=69% CR=+60.54%
   9. atr=2.0 HL mda=None red=0.60 lb= 63 comp=0.95       vf=w5_t1.2  ->  38sen T=6.7 WR=69% CR=+60.54%
  10. atr=2.0 HL mda=   6 red=0.60 lb= 63 comp=0.95       vf=w5_t1.2  ->  38sen T=6.7 WR=69% CR=+60.54%
  11. atr=2.0 HL mda=None red=0.60 lb= 63 comp=0.95       vf=w5_t1.2  ->  38sen T=6.7 WR=69% CR=+60.54%
  12. atr=2.0 HL mda=   8 red=0.60 lb= 63 comp=0.95       vf=w5_t1.2  ->  38sen T=6.7 WR=69% CR=+60.54%
  13. atr=2.0 HL mda=   6 red=0.60 lb= 63 comp=0.95       vf=w5_t1.2  ->  38sen T=6.7 WR=69% CR=+60.54%
  14. atr=2.0 HL mda=   6 red=0.60 lb= 63 comp=0.95       vf=w5_t1.2  ->  38sen T=6.7 WR=69% CR=+60.54%
  15. atr=2.0 HL mda=None red=0.60 lb=126 comp=0.95       vf=w5_t1.2  ->  38sen T=6.7 WR=69% CR=+60.54%
  16. atr=2.0 HL mda=   6 red=0.60 lb=126 comp=0.95       vf=w5_t1.2  ->  38sen T=6.7 WR=69% CR=+60.54%
  17. atr=2.0 HL mda=   6 red=0.60 lb=126 comp=0.95       vf=w5_t1.2  ->  38sen T=6.7 WR=69% CR=+60.54%
  18. atr=2.0 HL mda=   8 red=0.60 lb= 63 comp=0.95       vf=w5_t1.2  ->  38sen T=6.7 WR=69% CR=+60.54%
  19. atr=2.0 HL mda=   6 red=0.60 lb=126 comp=0.95       vf=w5_t1.2  ->  38sen T=6.7 WR=69% CR=+60.54%
  20. atr=2.0 HL mda=   6 red=0.60 lb= 63 comp=0.95       vf=w5_t1.2  ->  38sen T=6.7 WR=69% CR=+60.54%
  21. atr=2.0 HL mda=   8 red=0.60 lb= 63 comp=0.95       vf=w5_t1.2  ->  38sen T=6.7 WR=69% CR=+60.54%
  22. atr=2.0 HL mda=   8 red=0.60 lb=126 comp=0.95       vf=w5_t1.2  ->  38sen T=6.7 WR=69% CR=+60.54%
  23. atr=2.0 HL mda=   8 red=0.60 lb=126 comp=0.95       vf=w5_t1.2  ->  38sen T=6.7 WR=69% CR=+60.54%
  24. atr=2.0 HL mda=None red=0.60 lb= 63 comp=0.95       vf=w5_t1.2  ->  38sen T=6.7 WR=69% CR=+60.54%
  25. atr=2.0 HL mda=None red=0.60 lb=126 comp=0.95       vf=w5_t1.2  ->  38sen T=6.7 WR=69% CR=+60.54%
  26. atr=2.0 HL mda=   6 red=0.60 lb=126 comp=0.95       vf=w5_t1.2  ->  38sen T=6.7 WR=69% CR=+60.54%
  27. atr=2.0 HL mda=   8 red=0.60 lb=126 comp=0.95       vf=w5_t1.2  ->  38sen T=6.7 WR=69% CR=+60.54%
  28. atr=2.0 HL mda=None red=0.60 lb=126 comp=0.95       vf=w5_t1.2  ->  38sen T=6.7 WR=69% CR=+60.54%
  29. atr=2.0 HL mda=   8 red=0.60 lb= 63 comp=0.95       vf=w5_t1.2  ->  38sen T=6.7 WR=69% CR=+60.54%
  30. atr=2.0 HL mda=None red=0.60 lb=126 comp=0.95       vf=w5_t1.2  ->  38sen T=6.7 WR=69% CR=+60.54%

──────────────────────────────────────────────────────────────────────
  TOP 30 por avg_WR (min 3 trades)
──────────────────────────────────────────────────────────────────────
   1. atr=3.0 HL mda=None red=0.80 lb= 63 comp=0.85       vf=no_filter ->  49sen T=3.0 WR=93% CR=+27.16%
   2. atr=3.0 HL mda=None red=0.80 lb= 63 comp=0.85       vf=w5_t1.2  ->  30sen T=3.0 WR=93% CR=+27.16%
   3. atr=3.0 HL mda=None red=0.80 lb= 63 comp=0.85    VC vf=no_filter ->  49sen T=3.0 WR=93% CR=+27.16%
   4. atr=3.0 HL mda=None red=0.80 lb= 63 comp=0.85    VC vf=w5_t1.2  ->  30sen T=3.0 WR=93% CR=+27.16%
   5. atr=3.0 HL mda=None red=0.80 lb= 63 comp=0.90       vf=no_filter ->  49sen T=3.0 WR=93% CR=+27.16%
   6. atr=3.0 HL mda=None red=0.80 lb= 63 comp=0.90       vf=w5_t1.2  ->  30sen T=3.0 WR=93% CR=+27.16%
   7. atr=3.0 HL mda=None red=0.80 lb= 63 comp=0.90    VC vf=no_filter ->  49sen T=3.0 WR=93% CR=+27.16%
   8. atr=3.0 HL mda=None red=0.80 lb= 63 comp=0.90    VC vf=w5_t1.2  ->  30sen T=3.0 WR=93% CR=+27.16%
   9. atr=3.0 HL mda=None red=0.80 lb= 63 comp=0.95       vf=no_filter ->  49sen T=3.0 WR=93% CR=+27.16%
  10. atr=3.0 HL mda=None red=0.80 lb= 63 comp=0.95       vf=w5_t1.2  ->  30sen T=3.0 WR=93% CR=+27.16%
  11. atr=3.0 HL mda=None red=0.80 lb= 63 comp=0.95    VC vf=no_filter ->  49sen T=3.0 WR=93% CR=+27.16%
  12. atr=3.0 HL mda=None red=0.80 lb= 63 comp=0.95    VC vf=w5_t1.2  ->  30sen T=3.0 WR=93% CR=+27.16%
  13. atr=3.0 HL mda=None red=0.80 lb= 63 comp=0.85       vf=no_filter ->  49sen T=3.0 WR=93% CR=+27.16%
  14. atr=3.0 HL mda=None red=0.80 lb= 63 comp=0.85       vf=w5_t1.2  ->  30sen T=3.0 WR=93% CR=+27.16%
  15. atr=3.0 HL mda=None red=0.80 lb= 63 comp=0.85    VC vf=no_filter ->  49sen T=3.0 WR=93% CR=+27.16%
  16. atr=3.0 HL mda=None red=0.80 lb= 63 comp=0.85    VC vf=w5_t1.2  ->  30sen T=3.0 WR=93% CR=+27.16%
  17. atr=3.0 HL mda=None red=0.80 lb= 63 comp=0.90       vf=no_filter ->  49sen T=3.0 WR=93% CR=+27.16%
  18. atr=3.0 HL mda=None red=0.80 lb= 63 comp=0.90       vf=w5_t1.2  ->  30sen T=3.0 WR=93% CR=+27.16%
  19. atr=3.0 HL mda=None red=0.80 lb= 63 comp=0.90    VC vf=no_filter ->  49sen T=3.0 WR=93% CR=+27.16%
  20. atr=3.0 HL mda=None red=0.80 lb= 63 comp=0.90    VC vf=w5_t1.2  ->  30sen T=3.0 WR=93% CR=+27.16%
  21. atr=3.0 HL mda=None red=0.80 lb= 63 comp=0.95       vf=no_filter ->  49sen T=3.0 WR=93% CR=+27.16%
  22. atr=3.0 HL mda=None red=0.80 lb= 63 comp=0.95       vf=w5_t1.2  ->  30sen T=3.0 WR=93% CR=+27.16%
  23. atr=3.0 HL mda=None red=0.80 lb= 63 comp=0.95    VC vf=no_filter ->  49sen T=3.0 WR=93% CR=+27.16%
  24. atr=3.0 HL mda=None red=0.80 lb= 63 comp=0.95    VC vf=w5_t1.2  ->  30sen T=3.0 WR=93% CR=+27.16%
  25. atr=3.0 HL mda=None red=0.80 lb= 63 comp=0.85       vf=no_filter ->  49sen T=3.0 WR=93% CR=+27.16%
  26. atr=3.0 HL mda=None red=0.80 lb= 63 comp=0.85       vf=w5_t1.2  ->  30sen T=3.0 WR=93% CR=+27.16%
  27. atr=3.0 HL mda=None red=0.80 lb= 63 comp=0.85    VC vf=no_filter ->  49sen T=3.0 WR=93% CR=+27.16%
  28. atr=3.0 HL mda=None red=0.80 lb= 63 comp=0.85    VC vf=w5_t1.2  ->  30sen T=3.0 WR=93% CR=+27.16%
  29. atr=3.0 HL mda=None red=0.80 lb= 63 comp=0.90       vf=no_filter ->  49sen T=3.0 WR=93% CR=+27.16%
  30. atr=3.0 HL mda=None red=0.80 lb= 63 comp=0.90       vf=w5_t1.2  ->  30sen T=3.0 WR=93% CR=+27.16%

======================================================================
  SELECCION DE CANDIDATOS
  Eligible: 25,494/244,944 (min 3 trades promedio)
  Dedup por resultados: 200 configs unicas
======================================================================
  Top 10 por avg_CR + Top 10 por avg_WR = 19 candidatos unicos
   1. [CR] atr=2.0 mda=None red=0.60 lb=63 TT=N VC=N vf=w5_t1.2  -> T=6.7 WR=69% CR=+60.54%
   2. [CR] atr=2.0 mda=None red=0.60 lb=63 TT=N VC=N vf=w3_t1.2  -> T=6.3 WR=68% CR=+57.48%
   3. [CR] atr=2.0 mda=None red=0.60 lb=63 TT=N VC=N vf=w1_t1.2  -> T=6.3 WR=63% CR=+50.32%
   4. [CR] atr=2.0 mda=None red=0.60 lb=63 TT=N VC=N vf=w3_t1.2  -> T=5.3 WR=62% CR=+50.04%
   5. [CR] atr=2.0 mda=None red=0.60 lb=63 TT=N VC=N vf=w1_t1.2  -> T=5.3 WR=62% CR=+49.25%
   6. [CR] atr=2.0 mda=None red=0.60 lb=63 TT=N VC=N vf=w5_t1.2  -> T=7.7 WR=60% CR=+48.91%
   7. [CR] atr=2.0 mda=None red=0.60 lb=63 TT=N VC=N vf=w3_t1.2  -> T=7.3 WR=59% CR=+45.99%
   8. [CR] atr=2.0 mda=None red=0.80 lb=63 TT=N VC=N vf=no_filter -> T=9.7 WR=52% CR=+44.86%
   9. [CR] atr=2.0 mda=   6 red=0.60 lb=63 TT=N VC=N vf=no_filter -> T=8.7 WR=53% CR=+41.33%
  10. [CR] atr=2.0 mda=   6 red=0.60 lb=126 TT=N VC=N vf=no_filter -> T=8.7 WR=53% CR=+41.33%
  11. [WR] atr=3.0 mda=None red=0.80 lb=63 TT=N VC=N vf=no_filter -> T=3.0 WR=93% CR=+27.16%
  12. [WR] atr=3.0 mda=None red=0.80 lb=63 TT=N VC=N vf=w5_t1.2  -> T=3.0 WR=93% CR=+27.16%
  13. [WR] atr=2.0 mda=None red=0.60 lb=63 TT=N VC=N vf=w5_t1.2  -> T=4.7 WR=78% CR=+40.04%
  14. [WR] atr=2.0 mda=None red=0.60 lb=126 TT=N VC=Y vf=w5_t1.2  -> T=4.7 WR=78% CR=+40.04%
  15. [WR] atr=2.0 mda=None red=0.60 lb=63 TT=N VC=N vf=w3_t1.2  -> T=4.3 WR=77% CR=+37.30%
  16. [WR] atr=2.0 mda=None red=0.80 lb=63 TT=N VC=N vf=no_filter -> T=3.7 WR=71% CR=+20.71%
  17. [WR] atr=2.0 mda=None red=0.80 lb=63 TT=N VC=N vf=w5_t1.2  -> T=3.7 WR=71% CR=+18.95%
  18. [WR] atr=2.0 mda=None red=0.60 lb=63 TT=N VC=N vf=w1_t1.2  -> T=4.3 WR=70% CR=+31.07%
  19. [WR] atr=2.0 mda=None red=0.60 lb=63 TT=N VC=N vf=w3_t1.2  -> T=3.3 WR=69% CR=+30.86%

======================================================================
  FASE 2: SALIDA — NVDA TRAIN (720 configs x 19 candidatos)
======================================================================
  Candidato 1/19: 38 senales, evaluando 720 exits...
  Candidato 2/19: 28 senales, evaluando 720 exits...
  Candidato 3/19: 18 senales, evaluando 720 exits...
  Candidato 4/19: 22 senales, evaluando 720 exits...
  Candidato 5/19: 16 senales, evaluando 720 exits...
  Candidato 6/19: 39 senales, evaluando 720 exits...
  Candidato 7/19: 29 senales, evaluando 720 exits...
  Candidato 8/19: 76 senales, evaluando 720 exits...
  Candidato 9/19: 64 senales, evaluando 720 exits...
  Candidato 10/19: 68 senales, evaluando 720 exits...
  Candidato 11/19: 49 senales, evaluando 720 exits...
  Candidato 12/19: 30 senales, evaluando 720 exits...
  Candidato 13/19: 33 senales, evaluando 720 exits...
  Candidato 14/19: 31 senales, evaluando 720 exits...
  Candidato 15/19: 24 senales, evaluando 720 exits...
  Candidato 16/19: 47 senales, evaluando 720 exits...
  Candidato 17/19: 20 senales, evaluando 720 exits...
  Candidato 18/19: 15 senales, evaluando 720 exits...
  Candidato 19/19: 18 senales, evaluando 720 exits...

  Fase 2 completada: 13,680 rows en 24s (0.4m)

  Top 10 exits por candidato:
    C 1: trail=2.5, target=5.0, early=None, be_R=1.5, sl=0.05 -> 6T WR=67% CR=+96.87%
    C 2: trail=2.5, target=5.0, early=None, be_R=1.5, sl=0.05 -> 6T WR=67% CR=+96.87%
    C 3: trail=2.5, target=5.0, early=None, be_R=1.5, sl=0.05 -> 6T WR=67% CR=+88.92%
    C 4: trail=2.5, target=5.0, early=None, be_R=1.5, sl=0.05 -> 5T WR=60% CR=+77.60%
    C 5: trail=2.5, target=5.0, early=None, be_R=1.5, sl=0.05 -> 5T WR=60% CR=+77.60%
    C 6: trail=2.5, target=5.0, early=5, be_R=1.5, sl=0.05 -> 12T WR=33% CR=+92.70%
    C 7: trail=2.5, target=5.0, early=None, be_R=1.5, sl=0.05 -> 7T WR=57% CR=+79.46%
    C 8: trail=2.5, target=5.0, early=5, be_R=1.5, sl=0.05 -> 20T WR=20% CR=+70.00%
    C 9: trail=2.5, target=5.0, early=5, be_R=1.5, sl=0.05 -> 15T WR=27% CR=+78.30%
    C10: trail=2.5, target=5.0, early=5, be_R=1.5, sl=0.05 -> 15T WR=27% CR=+78.30%
    C11: trail=3.0, target=2.0, early=None, be_R=1.0, sl=0.07 -> 3T WR=100% CR=+42.15%
    C12: trail=3.0, target=2.0, early=None, be_R=1.0, sl=0.07 -> 3T WR=100% CR=+42.15%
    C13: trail=2.5, target=5.0, early=None, be_R=1.0, sl=0.05 -> 4T WR=75% CR=+74.43%
    C14: trail=2.5, target=5.0, early=None, be_R=1.0, sl=0.05 -> 4T WR=75% CR=+74.43%
    C15: trail=2.5, target=5.0, early=None, be_R=1.0, sl=0.05 -> 4T WR=75% CR=+74.43%
    C16: trail=2.5, target=5.0, early=None, be_R=1.0, sl=0.05 -> 3T WR=67% CR=+38.50%
    C17: trail=1.0, target=2.0, early=None, be_R=0.5, sl=0.07 -> 5T WR=80% CR=+35.46%
    C18: trail=2.5, target=5.0, early=None, be_R=1.0, sl=0.05 -> 4T WR=75% CR=+67.39%
    C19: trail=2.5, target=5.0, early=5, be_R=1.0, sl=0.05 -> 3T WR=67% CR=+64.72%

======================================================================
  RANKING FINAL — NVDA TRAIN
======================================================================

  Top 10 combos por composite (50% CR + 30% WR + 20% avg_R):

    #   Comp    T     WR         CR    avgR  trail target early be_R    sl        vf TT VC
  ───────────────────────────────────────────────────────────────────────────────────────────────
    1  0.801    6  67%    +96.87%  +2.63    2.5    5.0  None  1.5  0.05   w5_t1.2  N  N
    2  0.801    6  67%    +96.87%  +2.63    2.5    5.0  None  1.5  0.05   w3_t1.2  N  N
    3  0.727    6  67%    +88.92%  +2.48    2.5    5.0  None  1.5  0.05   w1_t1.2  N  N
    4  0.684    4  75%    +74.43%  +3.17    2.5    5.0  None  1.0  0.05   w5_t1.2  N  Y
    5  0.684    4  75%    +74.43%  +3.17    2.5    5.0  None  1.0  0.05   w3_t1.2  N  N
    6  0.684    4  75%    +74.43%  +3.17    2.5    5.0  None  1.0  0.05   w5_t1.2  N  N
    7  0.625    5  60%    +77.60%  +2.72    2.5    5.0  None  1.5  0.05   w3_t1.2  N  N
    8  0.625    5  60%    +77.60%  +2.72    2.5    5.0  None  1.5  0.05   w1_t1.2  N  N
    9  0.613    3  67%    +64.72%  +3.80    2.5    5.0     5  1.0  0.05   w3_t1.2  N  N
   10  0.612    4  75%    +67.39%  +2.94    2.5    5.0  None  1.0  0.05   w1_t1.2  N  N

──────────────────────────────────────────────────────────────────────
  DETALLE DE TRADES — Top 3 combos
──────────────────────────────────────────────────────────────────────

  #1 (composite=0.801): trail=2.5, target=5.0, vf=w5_t1.2, TT=N
     6T, WR=67%, CR=+96.87%, avgR=+2.63
     Salidas: stop_loss=2, target=3, time_exit=1
      1: 2015-03-20 -> 2015-03-25 | stop_loss       | PnL=-10.36% | R=-2.1R | MaxR=0.0R | Dur=5d
      2: 2017-05-10 -> 2017-06-08 | target          | PnL=+31.86% | R=+6.4R | MaxR=6.4R | Dur=29d
      3: 2017-09-15 -> 2017-09-25 | stop_loss       | PnL=-5.06% | R=-1.0R | MaxR=0.8R | Dur=10d
      4: 2017-09-26 -> 2017-11-10 | target          | PnL=+25.69% | R=+5.1R | MaxR=5.1R | Dur=45d
      5: 2019-03-13 -> 2019-04-25 | time_exit       | PnL=+10.85% | R=+2.2R | MaxR=2.8R | Dur=43d
      6: 2019-10-03 -> 2019-12-17 | target          | PnL=+25.91% | R=+5.2R | MaxR=5.2R | Dur=75d

  #2 (composite=0.801): trail=2.5, target=5.0, vf=w3_t1.2, TT=N
     6T, WR=67%, CR=+96.87%, avgR=+2.63
     Salidas: stop_loss=2, target=3, time_exit=1
      1: 2015-03-20 -> 2015-03-25 | stop_loss       | PnL=-10.36% | R=-2.1R | MaxR=0.0R | Dur=5d
      2: 2017-05-10 -> 2017-06-08 | target          | PnL=+31.86% | R=+6.4R | MaxR=6.4R | Dur=29d
      3: 2017-09-15 -> 2017-09-25 | stop_loss       | PnL=-5.06% | R=-1.0R | MaxR=0.8R | Dur=10d
      4: 2017-09-26 -> 2017-11-10 | target          | PnL=+25.69% | R=+5.1R | MaxR=5.1R | Dur=45d
      5: 2019-03-13 -> 2019-04-25 | time_exit       | PnL=+10.85% | R=+2.2R | MaxR=2.8R | Dur=43d
      6: 2019-10-03 -> 2019-12-17 | target          | PnL=+25.91% | R=+5.2R | MaxR=5.2R | Dur=75d

  #3 (composite=0.727): trail=2.5, target=5.0, vf=w1_t1.2, TT=N
     6T, WR=67%, CR=+88.92%, avgR=+2.48
     Salidas: stop_loss=2, target=3, time_exit=1
      1: 2015-03-20 -> 2015-03-25 | stop_loss       | PnL=-10.36% | R=-2.1R | MaxR=0.0R | Dur=5d
      2: 2017-05-10 -> 2017-06-08 | target          | PnL=+31.86% | R=+6.4R | MaxR=6.4R | Dur=29d
      3: 2017-09-15 -> 2017-09-25 | stop_loss       | PnL=-5.06% | R=-1.0R | MaxR=0.8R | Dur=10d
      4: 2017-09-26 -> 2017-11-10 | target          | PnL=+25.69% | R=+5.1R | MaxR=5.1R | Dur=45d
      5: 2019-03-19 -> 2019-04-25 | time_exit       | PnL=+6.37% | R=+1.3R | MaxR=1.9R | Dur=37d
      6: 2019-10-03 -> 2019-12-17 | target          | PnL=+25.91% | R=+5.2R | MaxR=5.2R | Dur=75d

  Guardado: /home/gdelarosa/proyectos/deteccion-vcp/experiments/stocks_deep_per_ticker_v2/results/nvda_phase1_detection.csv
  Guardado: /home/gdelarosa/proyectos/deteccion-vcp/experiments/stocks_deep_per_ticker_v2/results/nvda_phase2_exit.csv

  Tiempo total NVDA: 1259s (21.0m)

######################################################################
  NVDA — COMPLETO
######################################################################

Todo completo!
